"Jun 13 20:01:04 billy kernel: [   59.500042] Generic FE-GE Realtek PHY r8169-300:00: attached PHY driver [Generic FE-GE Realtek PHY] (mii_bus:phy_addr=r8169-300:00, irq=IGNORE)\nJun 13 20:01:04 billy kernel: [   59.700165] r8169 0000:03:00.0 eno1: Link is Down\nJun 13 20:01:06 billy kernel: [   61.299398] r8169 0000:03:00.0 eno1: Link is Up - 100Mbps/Full - flow control rx/tx\nJun 13 20:01:06 billy kernel: [   61.299415] IPv6: ADDRCONF(NETDEV_CHANGE): eno1: link becomes ready\nJun 13 20:01:48 billy kernel: [   99.338693] rfkill: input handler disabled\nJun 13 20:06:20 billy kernel: [  371.741901] rfkill: input handler enabled\nJun 16 03:17:33 billy kernel: [    0.000000] Linux version 5.8.0-44-generic (buildd@lgw01-amd64-054) (gcc (Ubuntu 9.3.0-17ubuntu1~20.04) 9.3.0, GNU ld (GNU Binutils for Ubuntu) 2.34) #50~20.04.1-Ubuntu SMP Wed Feb 10 21:07:30 UTC 2021 (Ubuntu 5.8.0-44.50~20.04.1-generic 5.8.18)\nJun 16 03:17:33 billy kernel: [    0.000000] Command line: BOOT_IMAGE=/boot/vmlinuz-5.8.0-44-generic root=UUID=9330dede-1655-4b0e-9a4b-314d00dd0ad3 ro quiet splash\nJun 16 03:17:33 billy kernel: [    0.000000] KERNEL supported cpus:\nJun 16 03:17:33 billy kernel: [    0.000000]   Intel GenuineIntel\nJun 16 03:17:33 billy kernel: [    0.000000]   AMD AuthenticAMD\nJun 16 03:17:33 billy kernel: [    0.000000]   Hygon HygonGenuine\nJun 16 03:17:33 billy kernel: [    0.000000]   Centaur CentaurHauls\nJun 16 03:17:33 billy kernel: [    0.000000]   zhaoxin   Shanghai  \nJun 16 03:17:33 billy kernel: [    0.000000] x86/fpu: Supporting XSAVE feature 0x001: 'x87 floating point registers'\nJun 16 03:17:33 billy kernel: [    0.000000] x86/fpu: Supporting XSAVE feature 0x002: 'SSE registers'\nJun 16 03:17:33 billy kernel: [    0.000000] x86/fpu: Supporting XSAVE feature 0x004: 'AVX registers'\nJun 16 03:17:33 billy kernel: [    0.000000] x86/fpu: xstate_offset[2]:  576, xstate_sizes[2]:  256\nJun 16 03:17:33 billy kernel: [    0.000000] x86/fpu: Enabled xstate features 0x7, context size is 832 bytes, using 'compacted' format.\nJun 16 03:17:33 billy kernel: [    0.000000] BIOS-provided physical RAM map:\nJun 16 03:17:33 billy kernel: [    0.000000] BIOS-e820: [mem 0x0000000000000000-0x000000000009ffff] usable\nJun 16 03:17:33 billy kernel: [    0.000000] BIOS-e820: [mem 0x00000000000a0000-0x00000000000fffff] reserved\nJun 16 03:17:33 billy kernel: [    0.000000] BIOS-e820: [mem 0x0000000000100000-0x0000000009dfffff] usable\nJun 16 03:17:33 billy kernel: [    0.000000] BIOS-e820: [mem 0x0000000009e00000-0x0000000009ffffff] reserved\nJun 16 03:17:33 billy kernel: [    0.000000] BIOS-e820: [mem 0x000000000a000000-0x000000000a1fffff] usable\nJun 16 03:17:33 billy kernel: [    0.000000] BIOS-e820: [mem 0x000000000a200000-0x000000000a20afff] ACPI NVS\nJun 16 03:17:33 billy kernel: [    0.000000] BIOS-e820: [mem 0x000000000a20b000-0x000000000affffff] usable\nJun 16 03:17:33 billy kernel: [    0.000000] BIOS-e820: [mem 0x000000000b000000-0x000000000b01ffff] reserved\nJun 16 03:17:33 billy kernel: [    0.000000] BIOS-e820: [mem 0x000000000b020000-0x000000005b6eafff] usable\nJun 16 03:17:33 billy kernel: [    0.000000] BIOS-e820: [mem 0x000000005b6eb000-0x000000005b816fff] reserved\nJun 16 03:17:33 billy kernel: [    0.000000] BIOS-e820: [mem 0x000000005b817000-0x000000005b998fff] usable\nJun 16 03:17:33 billy kernel: [    0.000000] BIOS-e820: [mem 0x000000005b999000-0x000000005bdadfff] ACPI NVS\nJun 16 03:17:33 billy kernel: [    0.000000] BIOS-e820: [mem 0x000000005bdae000-0x000000005cd55fff] reserved\nJun 16 03:17:33 billy kernel: [    0.000000] BIOS-e820: [mem 0x000000005cd56000-0x000000005effffff] usable\nJun 16 03:17:33 billy kernel: [    0.000000] BIOS-e820: [mem 0x000000005f000000-0x00000000dfffffff] reserved\nJun 16 03:17:33 billy kernel: [    0.000000] BIOS-e820: [mem 0x00000000f8000000-0x00000000fbffffff] reserved\nJun 16 03:17:33 billy kernel: [    0.000000] BIOS-e820: [mem 0x00000000fd000000-0x00000000ffffffff] reserved\nJun 16 03:17:33 billy kernel: [    0.000000] BIOS-e820: [mem 0x0000000100000000-0x000000041f33ffff] usable\nJun 16 03:17:33 billy kernel: [    0.000000] NX (Execute Disable) protection: active\nJun 16 03:17:33 billy kernel: [    0.000000] e820: update [mem 0x57787018-0x57795057] usable ==> usable\nJun 16 03:17:33 billy kernel: [    0.000000] e820: update [mem 0x57787018-0x57795057] usable ==> usable\nJun 16 03:17:33 billy kernel: [    0.000000] e820: update [mem 0x57610018-0x5761d457] usable ==> usable\nJun 16 03:17:33 billy kernel: [    0.000000] e820: update [mem 0x57610018-0x5761d457] usable ==> usable\nJun 16 03:17:33 billy kernel: [    0.000000] extended physical RAM map:\nJun 16 03:17:33 billy kernel: [    0.000000] reserve setup_data: [mem 0x0000000000000000-0x000000000009ffff] usable\nJun 16 03:17:33 billy kernel: [    0.000000] reserve setup_data: [mem 0x00000000000a0000-0x00000000000fffff] reserved\nJun 16 03:17:33 billy kernel: [    0.000000] reserve setup_data: [mem 0x0000000000100000-0x0000000009dfffff] usable\nJun 16 03:17:33 billy kernel: [    0.000000] reserve setup_data: [mem 0x0000000009e00000-0x0000000009ffffff] reserved\nJun 16 03:17:33 billy kernel: [    0.000000] reserve setup_data: [mem 0x000000000a000000-0x000000000a1fffff] usable\nJun 16 03:17:33 billy kernel: [    0.000000] reserve setup_data: [mem 0x000000000a200000-0x000000000a20afff] ACPI NVS\nJun 16 03:17:33 billy kernel: [    0.000000] reserve setup_data: [mem 0x000000000a20b000-0x000000000affffff] usable\nJun 16 03:17:33 billy kernel: [    0.000000] reserve setup_data: [mem 0x000000000b000000-0x000000000b01ffff] reserved\nJun 16 03:17:33 billy kernel: [    0.000000] reserve setup_data: [mem 0x000000000b020000-0x0000000057610017] usable\nJun 16 03:17:33 billy kernel: [    0.000000] reserve setup_data: [mem 0x0000000057610018-0x000000005761d457] usable\nJun 16 03:17:33 billy kernel: [    0.000000] reserve setup_data: [mem 0x000000005761d458-0x0000000057787017] usable\nJun 16 03:17:33 billy kernel: [    0.000000] reserve setup_data: [mem 0x0000000057787018-0x0000000057795057] usable\nJun 16 03:17:33 billy kernel: [    0.000000] reserve setup_data: [mem 0x0000000057795058-0x000000005b6eafff] usable\nJun 16 03:17:33 billy kernel: [    0.000000] reserve setup_data: [mem 0x000000005b6eb000-0x000000005b816fff] reserved\nJun 16 03:17:33 billy kernel: [    0.000000] reserve setup_data: [mem 0x000000005b817000-0x000000005b998fff] usable\nJun 16 03:17:33 billy kernel: [    0.000000] reserve setup_data: [mem 0x000000005b999000-0x000000005bdadfff] ACPI NVS\nJun 16 03:17:33 billy kernel: [    0.000000] reserve setup_data: [mem 0x000000005bdae000-0x000000005cd55fff] reserved\nJun 16 03:17:33 billy kernel: [    0.000000] reserve setup_data: [mem 0x000000005cd56000-0x000000005effffff] usable\nJun 16 03:17:33 billy kernel: [    0.000000] reserve setup_data: [mem 0x000000005f000000-0x00000000dfffffff] reserved\nJun 16 03:17:33 billy kernel: [    0.000000] reserve setup_data: [mem 0x00000000f8000000-0x00000000fbffffff] reserved\nJun 16 03:17:33 billy kernel: [    0.000000] reserve setup_data: [mem 0x00000000fd000000-0x00000000ffffffff] reserved\nJun 16 03:17:33 billy kernel: [    0.000000] reserve setup_data: [mem 0x0000000100000000-0x000000041f33ffff] usable\nJun 16 03:17:33 billy kernel: [    0.000000] efi: EFI v2.70 by American Megatrends\nJun 16 03:17:33 billy kernel: [    0.000000] efi: ACPI 2.0=0x5bd2a000 ACPI=0x5bd2a000 SMBIOS=0x5cb8a000 SMBIOS 3.0=0x5cb89000 MEMATTR=0x57808698 ESRT=0x5a533118 RNG=0x5cba5798 \nJun 16 03:17:33 billy kernel: [    0.000000] efi: seeding entropy pool\nJun 16 03:17:33 billy kernel: [    0.000000] random: fast init done\nJun 16 03:17:33 billy kernel: [    0.000000] secureboot: Secure boot disabled\nJun 16 03:17:33 billy kernel: [    0.000000] SMBIOS 3.2.1 present.\nJun 16 03:17:33 billy kernel: [    0.000000] DMI: Gigabyte Technology Co., Ltd. AX370-Gaming 3/AX370-Gaming 3-CF, BIOS F31 05/06/2019\nJun 16 03:17:33 billy kernel: [    0.000000] tsc: Fast TSC calibration failed\nJun 16 03:17:33 billy kernel: [    0.000000] e820: update [mem 0x00000000-0x00000fff] usable ==> reserved\nJun 16 03:17:33 billy kernel: [    0.000000] e820: remove [mem 0x000a0000-0x000fffff] usable\nJun 16 03:17:33 billy kernel: [    0.000000] last_pfn = 0x41f340 max_arch_pfn = 0x400000000\nJun 16 03:17:33 billy kernel: [    0.000000] MTRR default type: uncachable\nJun 16 03:17:33 billy kernel: [    0.000000] MTRR fixed ranges enabled:\nJun 16 03:17:33 billy kernel: [    0.000000]   00000-9FFFF write-back\nJun 16 03:17:33 billy kernel: [    0.000000]   A0000-BFFFF write-through\nJun 16 03:17:33 billy kernel: [    0.000000]   C0000-FFFFF write-protect\nJun 16 03:17:33 billy kernel: [    0.000000] MTRR variable ranges enabled:\nJun 16 03:17:33 billy kernel: [    0.000000]   0 base 000000000000 mask FFFF80000000 write-back\nJun 16 03:17:33 billy kernel: [    0.000000]   1 base 000080000000 mask FFFFC0000000 write-back\nJun 16 03:17:33 billy kernel: [    0.000000]   2 base 0000C0000000 mask FFFFE0000000 write-back\nJun 16 03:17:33 billy kernel: [    0.000000]   3 disabled\nJun 16 03:17:33 billy kernel: [    0.000000]   4 disabled\nJun 16 03:17:33 billy kernel: [    0.000000]   5 disabled\nJun 16 03:17:33 billy kernel: [    0.000000]   6 disabled\nJun 16 03:17:33 billy kernel: [    0.000000]   7 disabled\nJun 16 03:17:33 billy kernel: [    0.000000] TOM2: 0000000420000000 aka 16896M\nJun 16 03:17:33 billy kernel: [    0.000000] x86/PAT: Configuration [0-7]: WB  WC  UC- UC  WB  WP  UC- WT  \nJun 16 03:17:33 billy kernel: [    0.000000] e820: update [mem 0xe0000000-0xffffffff] usable ==> reserved\nJun 16 03:17:33 billy kernel: [    0.000000] last_pfn = 0x5f000 max_arch_pfn = 0x400000000\nJun 16 03:17:33 billy kernel: [    0.000000] esrt: Reserving ESRT space from 0x000000005a533118 to 0x000000005a533150.\nJun 16 03:17:33 billy kernel: [    0.000000] e820: update [mem 0x5a533000-0x5a533fff] usable ==> reserved\nJun 16 03:17:33 billy kernel: [    0.000000] check: Scanning 1 areas for low memory corruption\nJun 16 03:17:33 billy kernel: [    0.000000] Using GB pages for direct mapping\nJun 16 03:17:33 billy kernel: [    0.000000] secureboot: Secure boot disabled\nJun 16 03:17:33 billy kernel: [    0.000000] RAMDISK: [mem 0x3a2de000-0x3d484fff]\nJun 16 03:17:33 billy kernel: [    0.000000] ACPI: Early table checksum verification disabled\nJun 16 03:17:33 billy kernel: [    0.000000] ACPI: RSDP 0x000000005BD2A000 000024 (v02 ALASKA)\nJun 16 03:17:33 billy kernel: [    0.000000] ACPI: XSDT 0x000000005BD2A0A8 0000CC (v01 ALASKA A M I    01072009 AMI  00010013)\nJun 16 03:17:33 billy kernel: [    0.000000] ACPI: FACP 0x000000005BD30688 000114 (v06 ALASKA A M I    01072009 AMI  00010013)\nJun 16 03:17:33 billy kernel: [    0.000000] ACPI: DSDT 0x000000005BD2A208 00647B (v02 ALASKA A M I    01072009 INTL 20120913)\nJun 16 03:17:33 billy kernel: [    0.000000] ACPI: FACS 0x000000005BD96E00 000040\nJun 16 03:17:33 billy kernel: [    0.000000] ACPI: APIC 0x000000005BD307A0 00015E (v03 ALASKA A M I    01072009 AMI  00010013)\nJun 16 03:17:33 billy kernel: [    0.000000] ACPI: FPDT 0x000000005BD30900 000044 (v01 ALASKA A M I    01072009 AMI  00010013)\nJun 16 03:17:33 billy kernel: [    0.000000] ACPI: FIDT 0x000000005BD30948 00009C (v01 ALASKA A M I    01072009 AMI  00010013)\nJun 16 03:17:33 billy kernel: [    0.000000] ACPI: SSDT 0x000000005BD309E8 000094 (v02 ALASKA A M I    01072009 AMI  01072009)\nJun 16 03:17:33 billy kernel: [    0.000000] ACPI: SSDT 0x000000005BD30A80 005419 (v02 ALASKA A M I    00000002 MSFT 02000002)\nJun 16 03:17:33 billy kernel: [    0.000000] ACPI: SSDT 0x000000005BD35EA0 00314A (v01 ALASKA A M I    00000001 INTL 20120913)\nJun 16 03:17:33 billy kernel: [    0.000000] ACPI: MCFG 0x000000005BD38FF0 00003C (v01 ALASKA A M I    01072009 MSFT 00010013)\nJun 16 03:17:33 billy kernel: [    0.000000] ACPI: HPET 0x000000005BD39030 000038 (v01 ALASKA A M I    01072009 AMI  00000005)\nJun 16 03:17:33 billy kernel: [    0.000000] ACPI: UEFI 0x000000005BD39068 000042 (v01 ALASKA A M I    00000002      01000013)\nJun 16 03:17:33 billy kernel: [    0.000000] ACPI: BGRT 0x000000005BD390B0 000038 (v01 ALASKA A M I    01072009 AMI  00010013)\nJun 16 03:17:33 billy kernel: [    0.000000] ACPI: IVRS 0x000000005BD390E8 0000D0 (v02 ALASKA A M I    00000001 AMD  00000000)\nJun 16 03:17:33 billy kernel: [    0.000000] ACPI: SSDT 0x000000005BD391B8 00119C (v01 ALASKA A M I    00000001 AMD  00000001)\nJun 16 03:17:33 billy kernel: [    0.000000] ACPI: CRAT 0x000000005BD3A358 000810 (v01 ALASKA A M I    00000001 AMD  00000001)\nJun 16 03:17:33 billy kernel: [    0.000000] ACPI: CDIT 0x000000005BD3AB68 000029 (v01 ALASKA A M I    00000001 AMD  00000001)\nJun 16 03:17:33 billy kernel: [    0.000000] ACPI: SSDT 0x000000005BD3AB98 000C34 (v01 ALASKA A M I    00000001 INTL 20120913)\nJun 16 03:17:33 billy kernel: [    0.000000] ACPI: SSDT 0x000000005BD3B7D0 0010AC (v01 ALASKA A M I    00000001 INTL 20120913)\nJun 16 03:17:33 billy kernel: [    0.000000] ACPI: SSDT 0x000000005BD3C880 001CE5 (v01 ALASKA A M I    00000001 INTL 20120913)\nJun 16 03:17:33 billy kernel: [    0.000000] ACPI: SSDT 0x000000005BD3E568 0000BF (v01 ALASKA A M I    00001000 INTL 20120913)\nJun 16 03:17:33 billy kernel: [    0.000000] ACPI: WSMT 0x000000005BD3E628 000028 (v01 ALASKA A M I    01072009 AMI  00010013)\nJun 16 03:17:33 billy kernel: [    0.000000] ACPI: SSDT 0x000000005BD3E650 0010AF (v01 ALASKA A M I    00000001 INTL 20120913)\nJun 16 03:17:33 billy kernel: [    0.000000] ACPI: Local APIC address 0xfee00000\nJun 16 03:17:33 billy kernel: [    0.000000] No NUMA configuration found\nJun 16 03:17:33 billy kernel: [    0.000000] Faking a node at [mem 0x0000000000000000-0x000000041f33ffff]\nJun 16 03:17:33 billy kernel: [    0.000000] NODE_DATA(0) allocated [mem 0x41f316000-0x41f33ffff]\nJun 16 03:17:33 billy kernel: [    0.000000] Zone ranges:\nJun 16 03:17:33 billy kernel: [    0.000000]   DMA      [mem 0x0000000000001000-0x0000000000ffffff]\nJun 16 03:17:33 billy kernel: [    0.000000]   DMA32    [mem 0x0000000001000000-0x00000000ffffffff]\nJun 16 03:17:33 billy kernel: [    0.000000]   Normal   [mem 0x0000000100000000-0x000000041f33ffff]\nJun 16 03:17:33 billy kernel: [    0.000000]   Device   empty\nJun 16 03:17:33 billy kernel: [    0.000000] Movable zone start for each node\nJun 16 03:17:33 billy kernel: [    0.000000] Early memory node ranges\nJun 16 03:17:33 billy kernel: [    0.000000]   node   0: [mem 0x0000000000001000-0x000000000009ffff]\nJun 16 03:17:33 billy kernel: [    0.000000]   node   0: [mem 0x0000000000100000-0x0000000009dfffff]\nJun 16 03:17:33 billy kernel: [    0.000000]   node   0: [mem 0x000000000a000000-0x000000000a1fffff]\nJun 16 03:17:33 billy kernel: [    0.000000]   node   0: [mem 0x000000000a20b000-0x000000000affffff]\nJun 16 03:17:33 billy kernel: [    0.000000]   node   0: [mem 0x000000000b020000-0x000000005b6eafff]\nJun 16 03:17:33 billy kernel: [    0.000000]   node   0: [mem 0x000000005b817000-0x000000005b998fff]\nJun 16 03:17:33 billy kernel: [    0.000000]   node   0: [mem 0x000000005cd56000-0x000000005effffff]\nJun 16 03:17:33 billy kernel: [    0.000000]   node   0: [mem 0x0000000100000000-0x000000041f33ffff]\nJun 16 03:17:33 billy kernel: [    0.000000] Zeroed struct page in unavailable ranges: 13365 pages\nJun 16 03:17:33 billy kernel: [    0.000000] Initmem setup node 0 [mem 0x0000000000001000-0x000000041f33ffff]\nJun 16 03:17:33 billy kernel: [    0.000000] On node 0 totalpages: 3656651\nJun 16 03:17:33 billy kernel: [    0.000000]   DMA zone: 64 pages used for memmap\nJun 16 03:17:33 billy kernel: [    0.000000]   DMA zone: 29 pages reserved\nJun 16 03:17:33 billy kernel: [    0.000000]   DMA zone: 3999 pages, LIFO batch:0\nJun 16 03:17:33 billy kernel: [    0.000000]   DMA32 zone: 5924 pages used for memmap\nJun 16 03:17:33 billy kernel: [    0.000000]   DMA32 zone: 379116 pages, LIFO batch:63\nJun 16 03:17:33 billy kernel: [    0.000000]   Normal zone: 51149 pages used for memmap\nJun 16 03:17:33 billy kernel: [    0.000000]   Normal zone: 3273536 pages, LIFO batch:63\nJun 16 03:17:33 billy kernel: [    0.000000] ACPI: PM-Timer IO Port: 0x808\nJun 16 03:17:33 billy kernel: [    0.000000] ACPI: Local APIC address 0xfee00000\nJun 16 03:17:33 billy kernel: [    0.000000] ACPI: LAPIC_NMI (acpi_id[0xff] high edge lint[0x1])\nJun 16 03:17:33 billy kernel: [    0.000000] IOAPIC[0]: apic_id 9, version 33, address 0xfec00000, GSI 0-23\nJun 16 03:17:33 billy kernel: [    0.000000] IOAPIC[1]: apic_id 10, version 33, address 0xfec01000, GSI 24-55\nJun 16 03:17:33 billy kernel: [    0.000000] ACPI: INT_SRC_OVR (bus 0 bus_irq 0 global_irq 2 dfl dfl)\nJun 16 03:17:33 billy kernel: [    0.000000] ACPI: INT_SRC_OVR (bus 0 bus_irq 9 global_irq 9 low level)\nJun 16 03:17:33 billy kernel: [    0.000000] ACPI: IRQ0 used by override.\nJun 16 03:17:33 billy kernel: [    0.000000] ACPI: IRQ9 used by override.\nJun 16 03:17:33 billy kernel: [    0.000000] Using ACPI (MADT) for SMP configuration information\nJun 16 03:17:33 billy kernel: [    0.000000] ACPI: HPET id: 0x10228201 base: 0xfed00000\nJun 16 03:17:33 billy kernel: [    0.000000] e820: update [mem 0x57dd7000-0x57e1bfff] usable ==> reserved\nJun 16 03:17:33 billy kernel: [    0.000000] smpboot: Allowing 32 CPUs, 24 hotplug CPUs\nJun 16 03:17:33 billy kernel: [    0.000000] PM: hibernation: Registered nosave memory: [mem 0x00000000-0x00000fff]\nJun 16 03:17:33 billy kernel: [    0.000000] PM: hibernation: Registered nosave memory: [mem 0x000a0000-0x000fffff]\nJun 16 03:17:33 billy kernel: [    0.000000] PM: hibernation: Registered nosave memory: [mem 0x09e00000-0x09ffffff]\nJun 16 03:17:33 billy kernel: [    0.000000] PM: hibernation: Registered nosave memory: [mem 0x0a200000-0x0a20afff]\nJun 16 03:17:33 billy kernel: [    0.000000] PM: hibernation: Registered nosave memory: [mem 0x0b000000-0x0b01ffff]\nJun 16 03:17:33 billy kernel: [    0.000000] PM: hibernation: Registered nosave memory: [mem 0x57610000-0x57610fff]\nJun 16 03:17:33 billy kernel: [    0.000000] PM: hibernation: Registered nosave memory: [mem 0x5761d000-0x5761dfff]\nJun 16 03:17:33 billy kernel: [    0.000000] PM: hibernation: Registered nosave memory: [mem 0x57787000-0x57787fff]\nJun 16 03:17:33 billy kernel: [    0.000000] PM: hibernation: Registered nosave memory: [mem 0x57795000-0x57795fff]\nJun 16 03:17:33 billy kernel: [    0.000000] PM: hibernation: Registered nosave memory: [mem 0x57dd7000-0x57e1bfff]\nJun 16 03:17:33 billy kernel: [    0.000000] PM: hibernation: Registered nosave memory: [mem 0x5a533000-0x5a533fff]\nJun 16 03:17:33 billy kernel: [    0.000000] PM: hibernation: Registered nosave memory: [mem 0x5b6eb000-0x5b816fff]\nJun 16 03:17:33 billy kernel: [    0.000000] PM: hibernation: Registered nosave memory: [mem 0x5b999000-0x5bdadfff]\nJun 16 03:17:33 billy kernel: [    0.000000] PM: hibernation: Registered nosave memory: [mem 0x5bdae000-0x5cd55fff]\nJun 16 03:17:33 billy kernel: [    0.000000] PM: hibernation: Registered nosave memory: [mem 0x5f000000-0xdfffffff]\nJun 16 03:17:33 billy kernel: [    0.000000] PM: hibernation: Registered nosave memory: [mem 0xe0000000-0xf7ffffff]\nJun 16 03:17:33 billy kernel: [    0.000000] PM: hibernation: Registered nosave memory: [mem 0xf8000000-0xfbffffff]\nJun 16 03:17:33 billy kernel: [    0.000000] PM: hibernation: Registered nosave memory: [mem 0xfc000000-0xfcffffff]\nJun 16 03:17:33 billy kernel: [    0.000000] PM: hibernation: Registered nosave memory: [mem 0xfd000000-0xffffffff]\nJun 16 03:17:33 billy kernel: [    0.000000] [mem 0xe0000000-0xf7ffffff] available for PCI devices\nJun 16 03:17:33 billy kernel: [    0.000000] Booting paravirtualized kernel on bare hardware\nJun 16 03:17:33 billy kernel: [    0.000000] clocksource: refined-jiffies: mask: 0xffffffff max_cycles: 0xffffffff, max_idle_ns: 7645519600211568 ns\nJun 16 03:17:33 billy kernel: [    0.000000] setup_percpu: NR_CPUS:8192 nr_cpumask_bits:32 nr_cpu_ids:32 nr_node_ids:1\nJun 16 03:17:33 billy kernel: [    0.000000] percpu: Embedded 56 pages/cpu s192512 r8192 d28672 u262144\nJun 16 03:17:33 billy kernel: [    0.000000] pcpu-alloc: s192512 r8192 d28672 u262144 alloc=1*2097152\nJun 16 03:17:33 billy kernel: [    0.000000] pcpu-alloc: [0] 00 01 02 03 04 05 06 07 [0] 08 09 10 11 12 13 14 15 \nJun 16 03:17:33 billy kernel: [    0.000000] pcpu-alloc: [0] 16 17 18 19 20 21 22 23 [0] 24 25 26 27 28 29 30 31 \nJun 16 03:17:33 billy kernel: [    0.000000] Built 1 zonelists, mobility grouping on.  Total pages: 3599485\nJun 16 03:17:33 billy kernel: [    0.000000] Policy zone: Normal\nJun 16 03:17:33 billy kernel: [    0.000000] Kernel command line: BOOT_IMAGE=/boot/vmlinuz-5.8.0-44-generic root=UUID=9330dede-1655-4b0e-9a4b-314d00dd0ad3 ro quiet splash\nJun 16 03:17:33 billy kernel: [    0.000000] Dentry cache hash table entries: 2097152 (order: 12, 16777216 bytes, linear)\nJun 16 03:17:33 billy kernel: [    0.000000] Inode-cache hash table entries: 1048576 (order: 11, 8388608 bytes, linear)\nJun 16 03:17:33 billy kernel: [    0.000000] mem auto-init: stack:off, heap alloc:on, heap free:off\nJun 16 03:17:33 billy kernel: [    0.000000] Memory: 14113744K/14626604K available (14339K kernel code, 2537K rwdata, 5388K rodata, 2640K init, 4920K bss, 512860K reserved, 0K cma-reserved)\nJun 16 03:17:33 billy kernel: [    0.000000] random: get_random_u64 called from kmem_cache_open+0x2d/0x410 with crng_init=1\nJun 16 03:17:33 billy kernel: [    0.000000] SLUB: HWalign=64, Order=0-3, MinObjects=0, CPUs=32, Nodes=1\nJun 16 03:17:33 billy kernel: [    0.000000] ftrace: allocating 46218 entries in 181 pages\nJun 16 03:17:33 billy kernel: [    0.000000] ftrace: allocated 181 pages with 5 groups\nJun 16 03:17:33 billy kernel: [    0.000000] rcu: Hierarchical RCU implementation.\nJun 16 03:17:33 billy kernel: [    0.000000] rcu: \tRCU restricting CPUs from NR_CPUS=8192 to nr_cpu_ids=32.\nJun 16 03:17:33 billy kernel: [    0.000000] \tTrampoline variant of Tasks RCU enabled.\nJun 16 03:17:33 billy kernel: [    0.000000] \tRude variant of Tasks RCU enabled.\nJun 16 03:17:33 billy kernel: [    0.000000] \tTracing variant of Tasks RCU enabled.\nJun 16 03:17:33 billy kernel: [    0.000000] rcu: RCU calculated value of scheduler-enlistment delay is 25 jiffies.\nJun 16 03:17:33 billy kernel: [    0.000000] rcu: Adjusting geometry for rcu_fanout_leaf=16, nr_cpu_ids=32\nJun 16 03:17:33 billy kernel: [    0.000000] NR_IRQS: 524544, nr_irqs: 1224, preallocated irqs: 16\nJun 16 03:17:33 billy kernel: [    0.000000] random: crng done (trusting CPU's manufacturer)\nJun 16 03:17:33 billy kernel: [    0.000000] Console: colour dummy device 80x25\nJun 16 03:17:33 billy kernel: [    0.000000] printk: console [tty0] enabled\nJun 16 03:17:33 billy kernel: [    0.000000] ACPI: Core revision 20200528\nJun 16 03:17:33 billy kernel: [    0.000000] clocksource: hpet: mask: 0xffffffff max_cycles: 0xffffffff, max_idle_ns: 133484873504 ns\nJun 16 03:17:33 billy kernel: [    0.000000] APIC: Switch to symmetric I/O mode setup\nJun 16 03:17:33 billy kernel: [    0.004000] Switched APIC routing to physical flat.\nJun 16 03:17:33 billy kernel: [    0.008000] ..TIMER: vector=0x30 apic1=0 pin1=2 apic2=-1 pin2=-1\nJun 16 03:17:33 billy kernel: [    0.036000] tsc: PIT calibration matches HPET. 2 loops\nJun 16 03:17:33 billy kernel: [    0.036000] tsc: Detected 3592.827 MHz processor\nJun 16 03:17:33 billy kernel: [    0.000004] clocksource: tsc-early: mask: 0xffffffffffffffff max_cycles: 0x33c9db64c24, max_idle_ns: 440795320610 ns\nJun 16 03:17:33 billy kernel: [    0.000007] Calibrating delay loop (skipped), value calculated using timer frequency.. 7185.65 BogoMIPS (lpj=14371308)\nJun 16 03:17:33 billy kernel: [    0.000009] pid_max: default: 32768 minimum: 301\nJun 16 03:17:33 billy kernel: [    0.003353] LSM: Security Framework initializing\nJun 16 03:17:33 billy kernel: [    0.003366] Yama: becoming mindful.\nJun 16 03:17:33 billy kernel: [    0.003392] AppArmor: AppArmor initialized\nJun 16 03:17:33 billy kernel: [    0.003476] Mount-cache hash table entries: 32768 (order: 6, 262144 bytes, linear)\nJun 16 03:17:33 billy kernel: [    0.003509] Mountpoint-cache hash table entries: 32768 (order: 6, 262144 bytes, linear)\nJun 16 03:17:33 billy kernel: [    0.004365] LVT offset 1 assigned for vector 0xf9\nJun 16 03:17:33 billy kernel: [    0.004412] LVT offset 2 assigned for vector 0xf4\nJun 16 03:17:33 billy kernel: [    0.004425] Last level iTLB entries: 4KB 1024, 2MB 1024, 4MB 512\nJun 16 03:17:33 billy kernel: [    0.004426] Last level dTLB entries: 4KB 1536, 2MB 1536, 4MB 768, 1GB 0\nJun 16 03:17:33 billy kernel: [    0.004430] Spectre V1 : Mitigation: usercopy/swapgs barriers and __user pointer sanitization\nJun 16 03:17:33 billy kernel: [    0.004431] Spectre V2 : Mitigation: Full AMD retpoline\nJun 16 03:17:33 billy kernel: [    0.004431] Spectre V2 : Spectre v2 / SpectreRSB mitigation: Filling RSB on context switch\nJun 16 03:17:33 billy kernel: [    0.004433] Spectre V2 : mitigation: Enabling conditional Indirect Branch Prediction Barrier\nJun 16 03:17:33 billy kernel: [    0.004433] Spectre V2 : User space: Vulnerable\nJun 16 03:17:33 billy kernel: [    0.004434] Speculative Store Bypass: Mitigation: Speculative Store Bypass disabled via prctl and seccomp\nJun 16 03:17:33 billy kernel: [    0.004654] Freeing SMP alternatives memory: 40K\nJun 16 03:17:33 billy kernel: [    0.117704] smpboot: CPU0: AMD Ryzen 5 2400G with Radeon Vega Graphics (family: 0x17, model: 0x11, stepping: 0x0)\nJun 16 03:17:33 billy kernel: [    0.118105] Performance Events: Fam17h+ core perfctr, AMD PMU driver.\nJun 16 03:17:33 billy kernel: [    0.118110] ... version:                0\nJun 16 03:17:33 billy kernel: [    0.118111] ... bit width:              48\nJun 16 03:17:33 billy kernel: [    0.118111] ... generic registers:      6\nJun 16 03:17:33 billy kernel: [    0.118111] ... value mask:             0000ffffffffffff\nJun 16 03:17:33 billy kernel: [    0.118112] ... max period:             00007fffffffffff\nJun 16 03:17:33 billy kernel: [    0.118112] ... fixed-purpose events:   0\nJun 16 03:17:33 billy kernel: [    0.118112] ... event mask:             000000000000003f\nJun 16 03:17:33 billy kernel: [    0.118172] rcu: Hierarchical SRCU implementation.\nJun 16 03:17:33 billy kernel: [    0.119055] NMI watchdog: Enabled. Permanently consumes one hw-PMU counter.\nJun 16 03:17:33 billy kernel: [    0.119402] smp: Bringing up secondary CPUs ...\nJun 16 03:17:33 billy kernel: [    0.119526] x86: Booting SMP configuration:\nJun 16 03:17:33 billy kernel: [    0.119527] .... node  #0, CPUs:        #1  #2  #3  #4  #5  #6  #7\nJun 16 03:17:33 billy kernel: [    0.136057] smp: Brought up 1 node, 8 CPUs\nJun 16 03:17:33 billy kernel: [    0.136057] smpboot: Max logical packages: 4\nJun 16 03:17:33 billy kernel: [    0.136057] smpboot: Total of 8 processors activated (57485.23 BogoMIPS)\nJun 16 03:17:33 billy kernel: [    0.137178] devtmpfs: initialized\nJun 16 03:17:33 billy kernel: [    0.137178] x86/mm: Memory block size: 128MB\nJun 16 03:17:33 billy kernel: [    0.137178] PM: Registering ACPI NVS region [mem 0x0a200000-0x0a20afff] (45056 bytes)\nJun 16 03:17:33 billy kernel: [    0.137178] PM: Registering ACPI NVS region [mem 0x5b999000-0x5bdadfff] (4280320 bytes)\nJun 16 03:17:33 billy kernel: [    0.137178] clocksource: jiffies: mask: 0xffffffff max_cycles: 0xffffffff, max_idle_ns: 7645041785100000 ns\nJun 16 03:17:33 billy kernel: [    0.137178] futex hash table entries: 8192 (order: 7, 524288 bytes, linear)\nJun 16 03:17:33 billy kernel: [    0.137178] pinctrl core: initialized pinctrl subsystem\nJun 16 03:17:33 billy kernel: [    0.137178] PM: RTC time: 20:16:52, date: 2021-06-15\nJun 16 03:17:33 billy kernel: [    0.137178] thermal_sys: Registered thermal governor 'fair_share'\nJun 16 03:17:33 billy kernel: [    0.137178] thermal_sys: Registered thermal governor 'bang_bang'\nJun 16 03:17:33 billy kernel: [    0.137178] thermal_sys: Registered thermal governor 'step_wise'\nJun 16 03:17:33 billy kernel: [    0.137178] thermal_sys: Registered thermal governor 'user_space'\nJun 16 03:17:33 billy kernel: [    0.137178] thermal_sys: Registered thermal governor 'power_allocator'\nJun 16 03:17:33 billy kernel: [    0.137178] NET: Registered protocol family 16\nJun 16 03:17:33 billy kernel: [    0.137178] DMA: preallocated 2048 KiB GFP_KERNEL pool for atomic allocations\nJun 16 03:17:33 billy kernel: [    0.137178] DMA: preallocated 2048 KiB GFP_KERNEL|GFP_DMA pool for atomic allocations\nJun 16 03:17:33 billy kernel: [    0.140190] DMA: preallocated 2048 KiB GFP_KERNEL|GFP_DMA32 pool for atomic allocations\nJun 16 03:17:33 billy kernel: [    0.140210] audit: initializing netlink subsys (disabled)\nJun 16 03:17:33 billy kernel: [    0.140227] audit: type=2000 audit(1623788212.176:1): state=initialized audit_enabled=0 res=1\nJun 16 03:17:33 billy kernel: [    0.140227] EISA bus registered\nJun 16 03:17:33 billy kernel: [    0.140227] cpuidle: using governor ladder\nJun 16 03:17:33 billy kernel: [    0.140227] cpuidle: using governor menu\nJun 16 03:17:33 billy kernel: [    0.140227] ACPI: bus type PCI registered\nJun 16 03:17:33 billy kernel: [    0.140227] acpiphp: ACPI Hot Plug PCI Controller Driver version: 0.5\nJun 16 03:17:33 billy kernel: [    0.140227] PCI: MMCONFIG for domain 0000 [bus 00-3f] at [mem 0xf8000000-0xfbffffff] (base 0xf8000000)\nJun 16 03:17:33 billy kernel: [    0.140227] PCI: MMCONFIG at [mem 0xf8000000-0xfbffffff] reserved in E820\nJun 16 03:17:33 billy kernel: [    0.140227] PCI: Using configuration type 1 for base access\nJun 16 03:17:33 billy kernel: [    0.141637] HugeTLB registered 1.00 GiB page size, pre-allocated 0 pages\nJun 16 03:17:33 billy kernel: [    0.141637] HugeTLB registered 2.00 MiB page size, pre-allocated 0 pages\nJun 16 03:17:33 billy kernel: [    0.144146] ACPI: Added _OSI(Module Device)\nJun 16 03:17:33 billy kernel: [    0.144147] ACPI: Added _OSI(Processor Device)\nJun 16 03:17:33 billy kernel: [    0.144148] ACPI: Added _OSI(3.0 _SCP Extensions)\nJun 16 03:17:33 billy kernel: [    0.144148] ACPI: Added _OSI(Processor Aggregator Device)\nJun 16 03:17:33 billy kernel: [    0.144149] ACPI: Added _OSI(Linux-Dell-Video)\nJun 16 03:17:33 billy kernel: [    0.144150] ACPI: Added _OSI(Linux-Lenovo-NV-HDMI-Audio)\nJun 16 03:17:33 billy kernel: [    0.144151] ACPI: Added _OSI(Linux-HPI-Hybrid-Graphics)\nJun 16 03:17:33 billy kernel: [    0.156638] ACPI: 10 ACPI AML tables successfully acquired and loaded\nJun 16 03:17:33 billy kernel: [    0.158348] ACPI: [Firmware Bug]: BIOS _OSI(Linux) query ignored\nJun 16 03:17:33 billy kernel: [    0.161225] ACPI: Interpreter enabled\nJun 16 03:17:33 billy kernel: [    0.161244] ACPI: (supports S0 S3 S4 S5)\nJun 16 03:17:33 billy kernel: [    0.161245] ACPI: Using IOAPIC for interrupt routing\nJun 16 03:17:33 billy kernel: [    0.161740] PCI: Using host bridge windows from ACPI; if necessary, use \"pci=nocrs\" and report a bug\nJun 16 03:17:33 billy kernel: [    0.162139] ACPI: Enabled 2 GPEs in block 00 to 1F\nJun 16 03:17:33 billy kernel: [    0.170599] ACPI: PCI Root Bridge [PCI0] (domain 0000 [bus 00-ff])\nJun 16 03:17:33 billy kernel: [    0.170603] acpi PNP0A08:00: _OSC: OS supports [ExtendedConfig ASPM ClockPM Segments MSI HPX-Type3]\nJun 16 03:17:33 billy kernel: [    0.170766] acpi PNP0A08:00: _OSC: platform does not support [SHPCHotplug LTR]\nJun 16 03:17:33 billy kernel: [    0.170920] acpi PNP0A08:00: _OSC: OS now controls [PCIeHotplug PME AER PCIeCapability]\nJun 16 03:17:33 billy kernel: [    0.170930] acpi PNP0A08:00: [Firmware Info]: MMCONFIG for domain 0000 [bus 00-3f] only partially covers this bridge\nJun 16 03:17:33 billy kernel: [    0.171226] PCI host bridge to bus 0000:00\nJun 16 03:17:33 billy kernel: [    0.171228] pci_bus 0000:00: root bus resource [io  0x0000-0x03af window]\nJun 16 03:17:33 billy kernel: [    0.171229] pci_bus 0000:00: root bus resource [io  0x03e0-0x0cf7 window]\nJun 16 03:17:33 billy kernel: [    0.171229] pci_bus 0000:00: root bus resource [io  0x03b0-0x03df window]\nJun 16 03:17:33 billy kernel: [    0.171230] pci_bus 0000:00: root bus resource [io  0x0d00-0xffff window]\nJun 16 03:17:33 billy kernel: [    0.171231] pci_bus 0000:00: root bus resource [mem 0x000a0000-0x000bffff window]\nJun 16 03:17:33 billy kernel: [    0.171232] pci_bus 0000:00: root bus resource [mem 0x000c0000-0x000dffff window]\nJun 16 03:17:33 billy kernel: [    0.171233] pci_bus 0000:00: root bus resource [mem 0xe0000000-0xfec2ffff window]\nJun 16 03:17:33 billy kernel: [    0.171233] pci_bus 0000:00: root bus resource [mem 0xfee00000-0xffffffff window]\nJun 16 03:17:33 billy kernel: [    0.171234] pci_bus 0000:00: root bus resource [bus 00-ff]\nJun 16 03:17:33 billy kernel: [    0.171244] pci 0000:00:00.0: [1022:15d0] type 00 class 0x060000\nJun 16 03:17:33 billy kernel: [    0.171375] pci 0000:00:00.2: [1022:15d1] type 00 class 0x080600\nJun 16 03:17:33 billy kernel: [    0.171530] pci 0000:00:01.0: [1022:1452] type 00 class 0x060000\nJun 16 03:17:33 billy kernel: [    0.171642] pci 0000:00:01.2: [1022:15d3] type 01 class 0x060400\nJun 16 03:17:33 billy kernel: [    0.171699] pci 0000:00:01.2: enabling Extended Tags\nJun 16 03:17:33 billy kernel: [    0.171768] pci 0000:00:01.2: PME# supported from D0 D3hot D3cold\nJun 16 03:17:33 billy kernel: [    0.171914] pci 0000:00:01.3: [1022:15d3] type 01 class 0x060400\nJun 16 03:17:33 billy kernel: [    0.172038] pci 0000:00:01.3: PME# supported from D0 D3hot D3cold\nJun 16 03:17:33 billy kernel: [    0.172212] pci 0000:00:08.0: [1022:1452] type 00 class 0x060000\nJun 16 03:17:33 billy kernel: [    0.172322] pci 0000:00:08.1: [1022:15db] type 01 class 0x060400\nJun 16 03:17:33 billy kernel: [    0.172381] pci 0000:00:08.1: enabling Extended Tags\nJun 16 03:17:33 billy kernel: [    0.172443] pci 0000:00:08.1: PME# supported from D0 D3hot D3cold\nJun 16 03:17:33 billy kernel: [    0.172564] pci 0000:00:08.2: [1022:15dc] type 01 class 0x060400\nJun 16 03:17:33 billy kernel: [    0.172622] pci 0000:00:08.2: enabling Extended Tags\nJun 16 03:17:33 billy kernel: [    0.172679] pci 0000:00:08.2: PME# supported from D0 D3hot D3cold\nJun 16 03:17:33 billy kernel: [    0.172820] pci 0000:00:14.0: [1022:790b] type 00 class 0x0c0500\nJun 16 03:17:33 billy kernel: [    0.172998] pci 0000:00:14.3: [1022:790e] type 00 class 0x060100\nJun 16 03:17:33 billy kernel: [    0.173178] pci 0000:00:18.0: [1022:15e8] type 00 class 0x060000\nJun 16 03:17:33 billy kernel: [    0.173226] pci 0000:00:18.1: [1022:15e9] type 00 class 0x060000\nJun 16 03:17:33 billy kernel: [    0.173270] pci 0000:00:18.2: [1022:15ea] type 00 class 0x060000\nJun 16 03:17:33 billy kernel: [    0.173328] pci 0000:00:18.3: [1022:15eb] type 00 class 0x060000\nJun 16 03:17:33 billy kernel: [    0.173372] pci 0000:00:18.4: [1022:15ec] type 00 class 0x060000\nJun 16 03:17:33 billy kernel: [    0.173415] pci 0000:00:18.5: [1022:15ed] type 00 class 0x060000\nJun 16 03:17:33 billy kernel: [    0.173459] pci 0000:00:18.6: [1022:15ee] type 00 class 0x060000\nJun 16 03:17:33 billy kernel: [    0.173503] pci 0000:00:18.7: [1022:15ef] type 00 class 0x060000\nJun 16 03:17:33 billy kernel: [    0.173630] pci 0000:01:00.0: [1022:43b9] type 00 class 0x0c0330\nJun 16 03:17:33 billy kernel: [    0.173660] pci 0000:01:00.0: reg 0x10: [mem 0xfcda0000-0xfcda7fff 64bit]\nJun 16 03:17:33 billy kernel: [    0.173710] pci 0000:01:00.0: enabling Extended Tags\nJun 16 03:17:33 billy kernel: [    0.173774] pci 0000:01:00.0: PME# supported from D3hot D3cold\nJun 16 03:17:33 billy kernel: [    0.173889] pci 0000:01:00.1: [1022:43b5] type 00 class 0x010601\nJun 16 03:17:33 billy kernel: [    0.173953] pci 0000:01:00.1: reg 0x24: [mem 0xfcd80000-0xfcd9ffff]\nJun 16 03:17:33 billy kernel: [    0.173962] pci 0000:01:00.1: reg 0x30: [mem 0xfcd00000-0xfcd7ffff pref]\nJun 16 03:17:33 billy kernel: [    0.173970] pci 0000:01:00.1: enabling Extended Tags\nJun 16 03:17:33 billy kernel: [    0.174020] pci 0000:01:00.1: PME# supported from D3hot D3cold\nJun 16 03:17:33 billy kernel: [    0.174094] pci 0000:01:00.2: [1022:43b0] type 01 class 0x060400\nJun 16 03:17:33 billy kernel: [    0.174154] pci 0000:01:00.2: enabling Extended Tags\nJun 16 03:17:33 billy kernel: [    0.174210] pci 0000:01:00.2: PME# supported from D3hot D3cold\nJun 16 03:17:33 billy kernel: [    0.174337] pci 0000:00:01.2: PCI bridge to [bus 01-07]\nJun 16 03:17:33 billy kernel: [    0.174342] pci 0000:00:01.2:   bridge window [io  0xf000-0xffff]\nJun 16 03:17:33 billy kernel: [    0.174345] pci 0000:00:01.2:   bridge window [mem 0xfcc00000-0xfcdfffff]\nJun 16 03:17:33 billy kernel: [    0.174350] pci 0000:00:01.2:   bridge window [mem 0xf0300000-0xf03fffff 64bit pref]\nJun 16 03:17:33 billy kernel: [    0.174465] pci 0000:02:00.0: [1022:43b4] type 01 class 0x060400\nJun 16 03:17:33 billy kernel: [    0.174530] pci 0000:02:00.0: enabling Extended Tags\nJun 16 03:17:33 billy kernel: [    0.174600] pci 0000:02:00.0: PME# supported from D3hot D3cold\nJun 16 03:17:33 billy kernel: [    0.174706] pci 0000:02:01.0: [1022:43b4] type 01 class 0x060400\nJun 16 03:17:33 billy kernel: [    0.174771] pci 0000:02:01.0: enabling Extended Tags\nJun 16 03:17:33 billy kernel: [    0.174841] pci 0000:02:01.0: PME# supported from D3hot D3cold\nJun 16 03:17:33 billy kernel: [    0.174944] pci 0000:02:02.0: [1022:43b4] type 01 class 0x060400\nJun 16 03:17:33 billy kernel: [    0.175009] pci 0000:02:02.0: enabling Extended Tags\nJun 16 03:17:33 billy kernel: [    0.175079] pci 0000:02:02.0: PME# supported from D3hot D3cold\nJun 16 03:17:33 billy kernel: [    0.175182] pci 0000:02:03.0: [1022:43b4] type 01 class 0x060400\nJun 16 03:17:33 billy kernel: [    0.175247] pci 0000:02:03.0: enabling Extended Tags\nJun 16 03:17:33 billy kernel: [    0.175317] pci 0000:02:03.0: PME# supported from D3hot D3cold\nJun 16 03:17:33 billy kernel: [    0.175421] pci 0000:02:04.0: [1022:43b4] type 01 class 0x060400\nJun 16 03:17:33 billy kernel: [    0.175486] pci 0000:02:04.0: enabling Extended Tags\nJun 16 03:17:33 billy kernel: [    0.175556] pci 0000:02:04.0: PME# supported from D3hot D3cold\nJun 16 03:17:33 billy kernel: [    0.175680] pci 0000:01:00.2: PCI bridge to [bus 02-07]\nJun 16 03:17:33 billy kernel: [    0.175686] pci 0000:01:00.2:   bridge window [io  0xf000-0xffff]\nJun 16 03:17:33 billy kernel: [    0.175689] pci 0000:01:00.2:   bridge window [mem 0xfcc00000-0xfccfffff]\nJun 16 03:17:33 billy kernel: [    0.175695] pci 0000:01:00.2:   bridge window [mem 0xf0300000-0xf03fffff 64bit pref]\nJun 16 03:17:33 billy kernel: [    0.175779] pci 0000:03:00.0: [10ec:8168] type 00 class 0x020000\nJun 16 03:17:33 billy kernel: [    0.175825] pci 0000:03:00.0: reg 0x10: [io  0xf000-0xf0ff]\nJun 16 03:17:33 billy kernel: [    0.175867] pci 0000:03:00.0: reg 0x18: [mem 0xfcc00000-0xfcc00fff 64bit]\nJun 16 03:17:33 billy kernel: [    0.175893] pci 0000:03:00.0: reg 0x20: [mem 0xf0300000-0xf0303fff 64bit pref]\nJun 16 03:17:33 billy kernel: [    0.176059] pci 0000:03:00.0: supports D1 D2\nJun 16 03:17:33 billy kernel: [    0.176060] pci 0000:03:00.0: PME# supported from D0 D1 D2 D3hot D3cold\nJun 16 03:17:33 billy kernel: [    0.176272] pci 0000:02:00.0: PCI bridge to [bus 03]\nJun 16 03:17:33 billy kernel: [    0.176278] pci 0000:02:00.0:   bridge window [io  0xf000-0xffff]\nJun 16 03:17:33 billy kernel: [    0.176281] pci 0000:02:00.0:   bridge window [mem 0xfcc00000-0xfccfffff]\nJun 16 03:17:33 billy kernel: [    0.176287] pci 0000:02:00.0:   bridge window [mem 0xf0300000-0xf03fffff 64bit pref]\nJun 16 03:17:33 billy kernel: [    0.176336] pci 0000:02:01.0: PCI bridge to [bus 04]\nJun 16 03:17:33 billy kernel: [    0.176397] pci 0000:02:02.0: PCI bridge to [bus 05]\nJun 16 03:17:33 billy kernel: [    0.176455] pci 0000:02:03.0: PCI bridge to [bus 06]\nJun 16 03:17:33 billy kernel: [    0.176514] pci 0000:02:04.0: PCI bridge to [bus 07]\nJun 16 03:17:33 billy kernel: [    0.176614] pci 0000:08:00.0: [2646:5008] type 00 class 0x010802\nJun 16 03:17:33 billy kernel: [    0.176648] pci 0000:08:00.0: reg 0x10: [mem 0xfcf00000-0xfcf03fff 64bit]\nJun 16 03:17:33 billy kernel: [    0.176657] pci 0000:08:00.0: reg 0x18: [io  0xe000-0xe007]\nJun 16 03:17:33 billy kernel: [    0.176909] pci 0000:00:01.3: PCI bridge to [bus 08]\nJun 16 03:17:33 billy kernel: [    0.176914] pci 0000:00:01.3:   bridge window [io  0xe000-0xefff]\nJun 16 03:17:33 billy kernel: [    0.176917] pci 0000:00:01.3:   bridge window [mem 0xfcf00000-0xfcffffff]\nJun 16 03:17:33 billy kernel: [    0.177027] pci 0000:09:00.0: [1002:15dd] type 00 class 0x030000\nJun 16 03:17:33 billy kernel: [    0.177073] pci 0000:09:00.0: reg 0x10: [mem 0xe0000000-0xefffffff 64bit pref]\nJun 16 03:17:33 billy kernel: [    0.177091] pci 0000:09:00.0: reg 0x18: [mem 0xf0000000-0xf01fffff 64bit pref]\nJun 16 03:17:33 billy kernel: [    0.177102] pci 0000:09:00.0: reg 0x20: [io  0xd000-0xd0ff]\nJun 16 03:17:33 billy kernel: [    0.177114] pci 0000:09:00.0: reg 0x24: [mem 0xfcb00000-0xfcb7ffff]\nJun 16 03:17:33 billy kernel: [    0.177134] pci 0000:09:00.0: enabling Extended Tags\nJun 16 03:17:33 billy kernel: [    0.177148] pci 0000:09:00.0: BAR 0: assigned to efifb\nJun 16 03:17:33 billy kernel: [    0.177254] pci 0000:09:00.0: PME# supported from D1 D2 D3hot D3cold\nJun 16 03:17:33 billy kernel: [    0.177413] pci 0000:09:00.1: [1002:15de] type 00 class 0x040300\nJun 16 03:17:33 billy kernel: [    0.177442] pci 0000:09:00.1: reg 0x10: [mem 0xfcb88000-0xfcb8bfff]\nJun 16 03:17:33 billy kernel: [    0.177514] pci 0000:09:00.1: enabling Extended Tags\nJun 16 03:17:33 billy kernel: [    0.177585] pci 0000:09:00.1: PME# supported from D1 D2 D3hot D3cold\nJun 16 03:17:33 billy kernel: [    0.177663] pci 0000:09:00.2: [1022:15df] type 00 class 0x108000\nJun 16 03:17:33 billy kernel: [    0.177713] pci 0000:09:00.2: reg 0x18: [mem 0xfca00000-0xfcafffff]\nJun 16 03:17:33 billy kernel: [    0.177745] pci 0000:09:00.2: reg 0x24: [mem 0xfcb8c000-0xfcb8dfff]\nJun 16 03:17:33 billy kernel: [    0.177765] pci 0000:09:00.2: enabling Extended Tags\nJun 16 03:17:33 billy kernel: [    0.177942] pci 0000:09:00.3: [1022:15e0] type 00 class 0x0c0330\nJun 16 03:17:33 billy kernel: [    0.177977] pci 0000:09:00.3: reg 0x10: [mem 0xfc900000-0xfc9fffff 64bit]\nJun 16 03:17:33 billy kernel: [    0.178038] pci 0000:09:00.3: enabling Extended Tags\nJun 16 03:17:33 billy kernel: [    0.178116] pci 0000:09:00.3: PME# supported from D0 D3hot D3cold\nJun 16 03:17:33 billy kernel: [    0.178205] pci 0000:09:00.4: [1022:15e1] type 00 class 0x0c0330\nJun 16 03:17:33 billy kernel: [    0.178240] pci 0000:09:00.4: reg 0x10: [mem 0xfc800000-0xfc8fffff 64bit]\nJun 16 03:17:33 billy kernel: [    0.178301] pci 0000:09:00.4: enabling Extended Tags\nJun 16 03:17:33 billy kernel: [    0.178378] pci 0000:09:00.4: PME# supported from D0 D3hot D3cold\nJun 16 03:17:33 billy kernel: [    0.178469] pci 0000:09:00.6: [1022:15e3] type 00 class 0x040300\nJun 16 03:17:33 billy kernel: [    0.178498] pci 0000:09:00.6: reg 0x10: [mem 0xfcb80000-0xfcb87fff]\nJun 16 03:17:33 billy kernel: [    0.178569] pci 0000:09:00.6: enabling Extended Tags\nJun 16 03:17:33 billy kernel: [    0.178640] pci 0000:09:00.6: PME# supported from D0 D3hot D3cold\nJun 16 03:17:33 billy kernel: [    0.178788] pci 0000:00:08.1: PCI bridge to [bus 09]\nJun 16 03:17:33 billy kernel: [    0.178794] pci 0000:00:08.1:   bridge window [io  0xd000-0xdfff]\nJun 16 03:17:33 billy kernel: [    0.178797] pci 0000:00:08.1:   bridge window [mem 0xfc800000-0xfcbfffff]\nJun 16 03:17:33 billy kernel: [    0.178802] pci 0000:00:08.1:   bridge window [mem 0xe0000000-0xf01fffff 64bit pref]\nJun 16 03:17:33 billy kernel: [    0.178883] pci 0000:0a:00.0: [1022:7901] type 00 class 0x010601\nJun 16 03:17:33 billy kernel: [    0.178966] pci 0000:0a:00.0: reg 0x24: [mem 0xfce00000-0xfce007ff]\nJun 16 03:17:33 billy kernel: [    0.178986] pci 0000:0a:00.0: enabling Extended Tags\nJun 16 03:17:33 billy kernel: [    0.179065] pci 0000:0a:00.0: PME# supported from D3hot D3cold\nJun 16 03:17:33 billy kernel: [    0.179187] pci 0000:00:08.2: PCI bridge to [bus 0a]\nJun 16 03:17:33 billy kernel: [    0.179195] pci 0000:00:08.2:   bridge window [mem 0xfce00000-0xfcefffff]\nJun 16 03:17:33 billy kernel: [    0.179623] ACPI: PCI Interrupt Link [LNKA] (IRQs 4 5 7 10 11 14 15) *0\nJun 16 03:17:33 billy kernel: [    0.179701] ACPI: PCI Interrupt Link [LNKB] (IRQs 4 5 7 10 11 14 15) *0\nJun 16 03:17:33 billy kernel: [    0.179751] ACPI: PCI Interrupt Link [LNKC] (IRQs 4 5 7 10 11 14 15) *0\nJun 16 03:17:33 billy kernel: [    0.179814] ACPI: PCI Interrupt Link [LNKD] (IRQs 4 5 7 10 11 14 15) *0\nJun 16 03:17:33 billy kernel: [    0.179869] ACPI: PCI Interrupt Link [LNKE] (IRQs 4 5 7 10 11 14 15) *0\nJun 16 03:17:33 billy kernel: [    0.179914] ACPI: PCI Interrupt Link [LNKF] (IRQs 4 5 7 10 11 14 15) *0\nJun 16 03:17:33 billy kernel: [    0.179960] ACPI: PCI Interrupt Link [LNKG] (IRQs 4 5 7 10 11 14 15) *0\nJun 16 03:17:33 billy kernel: [    0.180008] ACPI: PCI Interrupt Link [LNKH] (IRQs 4 5 7 10 11 14 15) *0\nJun 16 03:17:33 billy kernel: [    0.180491] iommu: Default domain type: Translated \nJun 16 03:17:33 billy kernel: [    0.180491] SCSI subsystem initialized\nJun 16 03:17:33 billy kernel: [    0.180491] libata version 3.00 loaded.\nJun 16 03:17:33 billy kernel: [    0.180491] pci 0000:09:00.0: vgaarb: setting as boot VGA device\nJun 16 03:17:33 billy kernel: [    0.180491] pci 0000:09:00.0: vgaarb: VGA device added: decodes=io+mem,owns=io+mem,locks=none\nJun 16 03:17:33 billy kernel: [    0.180491] pci 0000:09:00.0: vgaarb: bridge control possible\nJun 16 03:17:33 billy kernel: [    0.180491] vgaarb: loaded\nJun 16 03:17:33 billy kernel: [    0.180491] ACPI: bus type USB registered\nJun 16 03:17:33 billy kernel: [    0.180491] usbcore: registered new interface driver usbfs\nJun 16 03:17:33 billy kernel: [    0.180491] usbcore: registered new interface driver hub\nJun 16 03:17:33 billy kernel: [    0.180491] usbcore: registered new device driver usb\nJun 16 03:17:33 billy kernel: [    0.180491] pps_core: LinuxPPS API ver. 1 registered\nJun 16 03:17:33 billy kernel: [    0.180491] pps_core: Software ver. 5.3.6 - Copyright 2005-2007 Rodolfo Giometti <giometti@linux.it>\nJun 16 03:17:33 billy kernel: [    0.180491] PTP clock support registered\nJun 16 03:17:33 billy kernel: [    0.180491] EDAC MC: Ver: 3.0.0\nJun 16 03:17:33 billy kernel: [    0.180491] Registered efivars operations\nJun 16 03:17:33 billy kernel: [    0.180491] NetLabel: Initializing\nJun 16 03:17:33 billy kernel: [    0.180491] NetLabel:  domain hash size = 128\nJun 16 03:17:33 billy kernel: [    0.180491] NetLabel:  protocols = UNLABELED CIPSOv4 CALIPSO\nJun 16 03:17:33 billy kernel: [    0.180491] NetLabel:  unlabeled traffic allowed by default\nJun 16 03:17:33 billy kernel: [    0.180491] PCI: Using ACPI for IRQ routing\nJun 16 03:17:33 billy kernel: [    0.184016] PCI: pci_cache_line_size set to 64 bytes\nJun 16 03:17:33 billy kernel: [    0.184016] Expanded resource Reserved due to conflict with PCI Bus 0000:00\nJun 16 03:17:33 billy kernel: [    0.184016] e820: reserve RAM buffer [mem 0x09e00000-0x0bffffff]\nJun 16 03:17:33 billy kernel: [    0.184016] e820: reserve RAM buffer [mem 0x0a200000-0x0bffffff]\nJun 16 03:17:33 billy kernel: [    0.184016] e820: reserve RAM buffer [mem 0x0b000000-0x0bffffff]\nJun 16 03:17:33 billy kernel: [    0.184016] e820: reserve RAM buffer [mem 0x57610018-0x57ffffff]\nJun 16 03:17:33 billy kernel: [    0.184016] e820: reserve RAM buffer [mem 0x57787018-0x57ffffff]\nJun 16 03:17:33 billy kernel: [    0.184016] e820: reserve RAM buffer [mem 0x57dd7000-0x57ffffff]\nJun 16 03:17:33 billy kernel: [    0.184016] e820: reserve RAM buffer [mem 0x5a533000-0x5bffffff]\nJun 16 03:17:33 billy kernel: [    0.184016] e820: reserve RAM buffer [mem 0x5b6eb000-0x5bffffff]\nJun 16 03:17:33 billy kernel: [    0.184016] e820: reserve RAM buffer [mem 0x5b999000-0x5bffffff]\nJun 16 03:17:33 billy kernel: [    0.184016] e820: reserve RAM buffer [mem 0x5f000000-0x5fffffff]\nJun 16 03:17:33 billy kernel: [    0.184016] e820: reserve RAM buffer [mem 0x41f340000-0x41fffffff]\nJun 16 03:17:33 billy kernel: [    0.184075] hpet0: at MMIO 0xfed00000, IRQs 2, 8, 0\nJun 16 03:17:33 billy kernel: [    0.184079] hpet0: 3 comparators, 32-bit 14.318180 MHz counter\nJun 16 03:17:33 billy kernel: [    0.184079] clocksource: Switched to clocksource tsc-early\nJun 16 03:17:33 billy kernel: [    0.195383] VFS: Disk quotas dquot_6.6.0\nJun 16 03:17:33 billy kernel: [    0.195405] VFS: Dquot-cache hash table entries: 512 (order 0, 4096 bytes)\nJun 16 03:17:33 billy kernel: [    0.195532] AppArmor: AppArmor Filesystem Enabled\nJun 16 03:17:33 billy kernel: [    0.195557] pnp: PnP ACPI init\nJun 16 03:17:33 billy kernel: [    0.195702] system 00:00: [mem 0xf8000000-0xfbffffff] has been reserved\nJun 16 03:17:33 billy kernel: [    0.195707] system 00:00: Plug and Play ACPI device, IDs PNP0c01 (active)\nJun 16 03:17:33 billy kernel: [    0.195769] system 00:01: [mem 0x60000000-0xdfffffff window] has been reserved\nJun 16 03:17:33 billy kernel: [    0.195771] system 00:01: Plug and Play ACPI device, IDs PNP0c02 (active)\nJun 16 03:17:33 billy kernel: [    0.195895] pnp 00:02: Plug and Play ACPI device, IDs PNP0b00 (active)\nJun 16 03:17:33 billy kernel: [    0.196042] system 00:03: [io  0x0a00-0x0a2f] has been reserved\nJun 16 03:17:33 billy kernel: [    0.196044] system 00:03: [io  0x0a30-0x0a3f] has been reserved\nJun 16 03:17:33 billy kernel: [    0.196045] system 00:03: [io  0x0a40-0x0a4f] has been reserved\nJun 16 03:17:33 billy kernel: [    0.196047] system 00:03: Plug and Play ACPI device, IDs PNP0c02 (active)\nJun 16 03:17:33 billy kernel: [    0.196277] system 00:04: [io  0x04d0-0x04d1] has been reserved\nJun 16 03:17:33 billy kernel: [    0.196278] system 00:04: [io  0x040b] has been reserved\nJun 16 03:17:33 billy kernel: [    0.196279] system 00:04: [io  0x04d6] has been reserved\nJun 16 03:17:33 billy kernel: [    0.196280] system 00:04: [io  0x0c00-0x0c01] has been reserved\nJun 16 03:17:33 billy kernel: [    0.196281] system 00:04: [io  0x0c14] has been reserved\nJun 16 03:17:33 billy kernel: [    0.196281] system 00:04: [io  0x0c50-0x0c51] has been reserved\nJun 16 03:17:33 billy kernel: [    0.196282] system 00:04: [io  0x0c52] has been reserved\nJun 16 03:17:33 billy kernel: [    0.196283] system 00:04: [io  0x0c6c] has been reserved\nJun 16 03:17:33 billy kernel: [    0.196284] system 00:04: [io  0x0c6f] has been reserved\nJun 16 03:17:33 billy kernel: [    0.196284] system 00:04: [io  0x0cd0-0x0cd1] has been reserved\nJun 16 03:17:33 billy kernel: [    0.196285] system 00:04: [io  0x0cd2-0x0cd3] has been reserved\nJun 16 03:17:33 billy kernel: [    0.196286] system 00:04: [io  0x0cd4-0x0cd5] has been reserved\nJun 16 03:17:33 billy kernel: [    0.196287] system 00:04: [io  0x0cd6-0x0cd7] has been reserved\nJun 16 03:17:33 billy kernel: [    0.196287] system 00:04: [io  0x0cd8-0x0cdf] has been reserved\nJun 16 03:17:33 billy kernel: [    0.196288] system 00:04: [io  0x0800-0x089f] has been reserved\nJun 16 03:17:33 billy kernel: [    0.196289] system 00:04: [io  0x0b00-0x0b0f] has been reserved\nJun 16 03:17:33 billy kernel: [    0.196290] system 00:04: [io  0x0b20-0x0b3f] has been reserved\nJun 16 03:17:33 billy kernel: [    0.196291] system 00:04: [io  0x0900-0x090f] has been reserved\nJun 16 03:17:33 billy kernel: [    0.196292] system 00:04: [io  0x0910-0x091f] has been reserved\nJun 16 03:17:33 billy kernel: [    0.196293] system 00:04: [mem 0xfec00000-0xfec00fff] could not be reserved\nJun 16 03:17:33 billy kernel: [    0.196294] system 00:04: [mem 0xfec01000-0xfec01fff] could not be reserved\nJun 16 03:17:33 billy kernel: [    0.196295] system 00:04: [mem 0xfedc0000-0xfedc0fff] has been reserved\nJun 16 03:17:33 billy kernel: [    0.196295] system 00:04: [mem 0xfee00000-0xfee00fff] has been reserved\nJun 16 03:17:33 billy kernel: [    0.196296] system 00:04: [mem 0xfed80000-0xfed8ffff] could not be reserved\nJun 16 03:17:33 billy kernel: [    0.196297] system 00:04: [mem 0xfec10000-0xfec10fff] has been reserved\nJun 16 03:17:33 billy kernel: [    0.196298] system 00:04: [mem 0xff000000-0xffffffff] has been reserved\nJun 16 03:17:33 billy kernel: [    0.196301] system 00:04: Plug and Play ACPI device, IDs PNP0c02 (active)\nJun 16 03:17:33 billy kernel: [    0.196762] pnp: PnP ACPI: found 5 devices\nJun 16 03:17:33 billy kernel: [    0.202522] clocksource: acpi_pm: mask: 0xffffff max_cycles: 0xffffff, max_idle_ns: 2085701024 ns\nJun 16 03:17:33 billy kernel: [    0.202602] NET: Registered protocol family 2\nJun 16 03:17:33 billy kernel: [    0.202854] tcp_listen_portaddr_hash hash table entries: 8192 (order: 5, 131072 bytes, linear)\nJun 16 03:17:33 billy kernel: [    0.202970] TCP established hash table entries: 131072 (order: 8, 1048576 bytes, linear)\nJun 16 03:17:33 billy kernel: [    0.203161] TCP bind hash table entries: 65536 (order: 8, 1048576 bytes, linear)\nJun 16 03:17:33 billy kernel: [    0.203230] TCP: Hash tables configured (established 131072 bind 65536)\nJun 16 03:17:33 billy kernel: [    0.203371] UDP hash table entries: 8192 (order: 6, 262144 bytes, linear)\nJun 16 03:17:33 billy kernel: [    0.203413] UDP-Lite hash table entries: 8192 (order: 6, 262144 bytes, linear)\nJun 16 03:17:33 billy kernel: [    0.203514] NET: Registered protocol family 1\nJun 16 03:17:33 billy kernel: [    0.203518] NET: Registered protocol family 44\nJun 16 03:17:33 billy kernel: [    0.203539] pci 0000:02:00.0: PCI bridge to [bus 03]\nJun 16 03:17:33 billy kernel: [    0.203542] pci 0000:02:00.0:   bridge window [io  0xf000-0xffff]\nJun 16 03:17:33 billy kernel: [    0.203547] pci 0000:02:00.0:   bridge window [mem 0xfcc00000-0xfccfffff]\nJun 16 03:17:33 billy kernel: [    0.203550] pci 0000:02:00.0:   bridge window [mem 0xf0300000-0xf03fffff 64bit pref]\nJun 16 03:17:33 billy kernel: [    0.203556] pci 0000:02:01.0: PCI bridge to [bus 04]\nJun 16 03:17:33 billy kernel: [    0.203569] pci 0000:02:02.0: PCI bridge to [bus 05]\nJun 16 03:17:33 billy kernel: [    0.203581] pci 0000:02:03.0: PCI bridge to [bus 06]\nJun 16 03:17:33 billy kernel: [    0.203593] pci 0000:02:04.0: PCI bridge to [bus 07]\nJun 16 03:17:33 billy kernel: [    0.203605] pci 0000:01:00.2: PCI bridge to [bus 02-07]\nJun 16 03:17:33 billy kernel: [    0.203607] pci 0000:01:00.2:   bridge window [io  0xf000-0xffff]\nJun 16 03:17:33 billy kernel: [    0.203611] pci 0000:01:00.2:   bridge window [mem 0xfcc00000-0xfccfffff]\nJun 16 03:17:33 billy kernel: [    0.203614] pci 0000:01:00.2:   bridge window [mem 0xf0300000-0xf03fffff 64bit pref]\nJun 16 03:17:33 billy kernel: [    0.203620] pci 0000:00:01.2: PCI bridge to [bus 01-07]\nJun 16 03:17:33 billy kernel: [    0.203621] pci 0000:00:01.2:   bridge window [io  0xf000-0xffff]\nJun 16 03:17:33 billy kernel: [    0.203625] pci 0000:00:01.2:   bridge window [mem 0xfcc00000-0xfcdfffff]\nJun 16 03:17:33 billy kernel: [    0.203629] pci 0000:00:01.2:   bridge window [mem 0xf0300000-0xf03fffff 64bit pref]\nJun 16 03:17:33 billy kernel: [    0.203634] pci 0000:00:01.3: PCI bridge to [bus 08]\nJun 16 03:17:33 billy kernel: [    0.203636] pci 0000:00:01.3:   bridge window [io  0xe000-0xefff]\nJun 16 03:17:33 billy kernel: [    0.203640] pci 0000:00:01.3:   bridge window [mem 0xfcf00000-0xfcffffff]\nJun 16 03:17:33 billy kernel: [    0.203649] pci 0000:00:08.1: PCI bridge to [bus 09]\nJun 16 03:17:33 billy kernel: [    0.203656] pci 0000:00:08.1:   bridge window [io  0xd000-0xdfff]\nJun 16 03:17:33 billy kernel: [    0.203660] pci 0000:00:08.1:   bridge window [mem 0xfc800000-0xfcbfffff]\nJun 16 03:17:33 billy kernel: [    0.203663] pci 0000:00:08.1:   bridge window [mem 0xe0000000-0xf01fffff 64bit pref]\nJun 16 03:17:33 billy kernel: [    0.203668] pci 0000:00:08.2: PCI bridge to [bus 0a]\nJun 16 03:17:33 billy kernel: [    0.203673] pci 0000:00:08.2:   bridge window [mem 0xfce00000-0xfcefffff]\nJun 16 03:17:33 billy kernel: [    0.203682] pci_bus 0000:00: resource 4 [io  0x0000-0x03af window]\nJun 16 03:17:33 billy kernel: [    0.203683] pci_bus 0000:00: resource 5 [io  0x03e0-0x0cf7 window]\nJun 16 03:17:33 billy kernel: [    0.203684] pci_bus 0000:00: resource 6 [io  0x03b0-0x03df window]\nJun 16 03:17:33 billy kernel: [    0.203685] pci_bus 0000:00: resource 7 [io  0x0d00-0xffff window]\nJun 16 03:17:33 billy kernel: [    0.203686] pci_bus 0000:00: resource 8 [mem 0x000a0000-0x000bffff window]\nJun 16 03:17:33 billy kernel: [    0.203686] pci_bus 0000:00: resource 9 [mem 0x000c0000-0x000dffff window]\nJun 16 03:17:33 billy kernel: [    0.203687] pci_bus 0000:00: resource 10 [mem 0xe0000000-0xfec2ffff window]\nJun 16 03:17:33 billy kernel: [    0.203688] pci_bus 0000:00: resource 11 [mem 0xfee00000-0xffffffff window]\nJun 16 03:17:33 billy kernel: [    0.203689] pci_bus 0000:01: resource 0 [io  0xf000-0xffff]\nJun 16 03:17:33 billy kernel: [    0.203690] pci_bus 0000:01: resource 1 [mem 0xfcc00000-0xfcdfffff]\nJun 16 03:17:33 billy kernel: [    0.203690] pci_bus 0000:01: resource 2 [mem 0xf0300000-0xf03fffff 64bit pref]\nJun 16 03:17:33 billy kernel: [    0.203691] pci_bus 0000:02: resource 0 [io  0xf000-0xffff]\nJun 16 03:17:33 billy kernel: [    0.203692] pci_bus 0000:02: resource 1 [mem 0xfcc00000-0xfccfffff]\nJun 16 03:17:33 billy kernel: [    0.203692] pci_bus 0000:02: resource 2 [mem 0xf0300000-0xf03fffff 64bit pref]\nJun 16 03:17:33 billy kernel: [    0.203693] pci_bus 0000:03: resource 0 [io  0xf000-0xffff]\nJun 16 03:17:33 billy kernel: [    0.203694] pci_bus 0000:03: resource 1 [mem 0xfcc00000-0xfccfffff]\nJun 16 03:17:33 billy kernel: [    0.203695] pci_bus 0000:03: resource 2 [mem 0xf0300000-0xf03fffff 64bit pref]\nJun 16 03:17:33 billy kernel: [    0.203696] pci_bus 0000:08: resource 0 [io  0xe000-0xefff]\nJun 16 03:17:33 billy kernel: [    0.203696] pci_bus 0000:08: resource 1 [mem 0xfcf00000-0xfcffffff]\nJun 16 03:17:33 billy kernel: [    0.203697] pci_bus 0000:09: resource 0 [io  0xd000-0xdfff]\nJun 16 03:17:33 billy kernel: [    0.203698] pci_bus 0000:09: resource 1 [mem 0xfc800000-0xfcbfffff]\nJun 16 03:17:33 billy kernel: [    0.203698] pci_bus 0000:09: resource 2 [mem 0xe0000000-0xf01fffff 64bit pref]\nJun 16 03:17:33 billy kernel: [    0.203699] pci_bus 0000:0a: resource 1 [mem 0xfce00000-0xfcefffff]\nJun 16 03:17:33 billy kernel: [    0.203976] pci 0000:09:00.0: Video device with shadowed ROM at [mem 0x000c0000-0x000dffff]\nJun 16 03:17:33 billy kernel: [    0.203985] pci 0000:09:00.1: D0 power state depends on 0000:09:00.0\nJun 16 03:17:33 billy kernel: [    0.203995] pci 0000:09:00.3: extending delay after power-on from D3hot to 20 msec\nJun 16 03:17:33 billy kernel: [    0.204191] pci 0000:09:00.4: extending delay after power-on from D3hot to 20 msec\nJun 16 03:17:33 billy kernel: [    0.204281] PCI: CLS 64 bytes, default 64\nJun 16 03:17:33 billy kernel: [    0.204323] Trying to unpack rootfs image as initramfs...\nJun 16 03:17:33 billy kernel: [    0.310385] Freeing initrd memory: 50844K\nJun 16 03:17:33 billy kernel: [    0.310419] pci 0000:00:00.2: AMD-Vi: Unable to read/write to IOMMU perf counter.\nJun 16 03:17:33 billy kernel: [    0.310430] fbcon: Taking over console\nJun 16 03:17:33 billy kernel: [    0.310543] pci 0000:00:00.2: can't derive routing for PCI INT A\nJun 16 03:17:33 billy kernel: [    0.310544] pci 0000:00:00.2: PCI INT A: not connected\nJun 16 03:17:33 billy kernel: [    0.310584] pci 0000:00:01.0: Adding to iommu group 0\nJun 16 03:17:33 billy kernel: [    0.310599] pci 0000:00:01.2: Adding to iommu group 1\nJun 16 03:17:33 billy kernel: [    0.310612] pci 0000:00:01.3: Adding to iommu group 2\nJun 16 03:17:33 billy kernel: [    0.310638] pci 0000:00:08.0: Adding to iommu group 3\nJun 16 03:17:33 billy kernel: [    0.310651] pci 0000:00:08.1: Adding to iommu group 4\nJun 16 03:17:33 billy kernel: [    0.310660] pci 0000:00:08.2: Adding to iommu group 3\nJun 16 03:17:33 billy kernel: [    0.310676] pci 0000:00:14.0: Adding to iommu group 5\nJun 16 03:17:33 billy kernel: [    0.310683] pci 0000:00:14.3: Adding to iommu group 5\nJun 16 03:17:33 billy kernel: [    0.310719] pci 0000:00:18.0: Adding to iommu group 6\nJun 16 03:17:33 billy kernel: [    0.310727] pci 0000:00:18.1: Adding to iommu group 6\nJun 16 03:17:33 billy kernel: [    0.310734] pci 0000:00:18.2: Adding to iommu group 6\nJun 16 03:17:33 billy kernel: [    0.310742] pci 0000:00:18.3: Adding to iommu group 6\nJun 16 03:17:33 billy kernel: [    0.310751] pci 0000:00:18.4: Adding to iommu group 6\nJun 16 03:17:33 billy kernel: [    0.310758] pci 0000:00:18.5: Adding to iommu group 6\nJun 16 03:17:33 billy kernel: [    0.310766] pci 0000:00:18.6: Adding to iommu group 6\nJun 16 03:17:33 billy kernel: [    0.310773] pci 0000:00:18.7: Adding to iommu group 6\nJun 16 03:17:33 billy kernel: [    0.310804] pci 0000:01:00.0: Adding to iommu group 7\nJun 16 03:17:33 billy kernel: [    0.310823] pci 0000:01:00.1: Adding to iommu group 7\nJun 16 03:17:33 billy kernel: [    0.310842] pci 0000:01:00.2: Adding to iommu group 7\nJun 16 03:17:33 billy kernel: [    0.310848] pci 0000:02:00.0: Adding to iommu group 7\nJun 16 03:17:33 billy kernel: [    0.310852] pci 0000:02:01.0: Adding to iommu group 7\nJun 16 03:17:33 billy kernel: [    0.310858] pci 0000:02:02.0: Adding to iommu group 7\nJun 16 03:17:33 billy kernel: [    0.310862] pci 0000:02:03.0: Adding to iommu group 7\nJun 16 03:17:33 billy kernel: [    0.310867] pci 0000:02:04.0: Adding to iommu group 7\nJun 16 03:17:33 billy kernel: [    0.310874] pci 0000:03:00.0: Adding to iommu group 7\nJun 16 03:17:33 billy kernel: [    0.310887] pci 0000:08:00.0: Adding to iommu group 8\nJun 16 03:17:33 billy kernel: [    0.310932] pci 0000:09:00.0: Adding to iommu group 9\nJun 16 03:17:33 billy kernel: [    0.310999] pci 0000:09:00.1: Adding to iommu group 10\nJun 16 03:17:33 billy kernel: [    0.311032] pci 0000:09:00.2: Adding to iommu group 10\nJun 16 03:17:33 billy kernel: [    0.311058] pci 0000:09:00.3: Adding to iommu group 10\nJun 16 03:17:33 billy kernel: [    0.311084] pci 0000:09:00.4: Adding to iommu group 10\nJun 16 03:17:33 billy kernel: [    0.311110] pci 0000:09:00.6: Adding to iommu group 10\nJun 16 03:17:33 billy kernel: [    0.311131] pci 0000:0a:00.0: Adding to iommu group 3\nJun 16 03:17:33 billy kernel: [    0.313976] pci 0000:00:00.2: AMD-Vi: Found IOMMU cap 0x40\nJun 16 03:17:33 billy kernel: [    0.313977] pci 0000:00:00.2: AMD-Vi: Extended features (0x4f77ef22294ada):\nJun 16 03:17:33 billy kernel: [    0.313978]  PPR NX GT IA GA PC GA_vAPIC\nJun 16 03:17:33 billy kernel: [    0.313980] AMD-Vi: Interrupt remapping enabled\nJun 16 03:17:33 billy kernel: [    0.313980] AMD-Vi: Virtual APIC enabled\nJun 16 03:17:33 billy kernel: [    0.314163] AMD-Vi: Lazy IO/TLB flushing enabled\nJun 16 03:17:33 billy kernel: [    0.315080] amd_uncore: AMD NB counters detected\nJun 16 03:17:33 billy kernel: [    0.315091] amd_uncore: AMD LLC counters detected\nJun 16 03:17:33 billy kernel: [    0.315338] check: Scanning for low memory corruption every 60 seconds\nJun 16 03:17:33 billy kernel: [    0.315836] Initialise system trusted keyrings\nJun 16 03:17:33 billy kernel: [    0.315871] Key type blacklist registered\nJun 16 03:17:33 billy kernel: [    0.315964] workingset: timestamp_bits=36 max_order=22 bucket_order=0\nJun 16 03:17:33 billy kernel: [    0.316879] zbud: loaded\nJun 16 03:17:33 billy kernel: [    0.317137] squashfs: version 4.0 (2009/01/31) Phillip Lougher\nJun 16 03:17:33 billy kernel: [    0.317312] fuse: init (API version 7.31)\nJun 16 03:17:33 billy kernel: [    0.317492] integrity: Platform Keyring initialized\nJun 16 03:17:33 billy kernel: [    0.325439] Key type asymmetric registered\nJun 16 03:17:33 billy kernel: [    0.325440] Asymmetric key parser 'x509' registered\nJun 16 03:17:33 billy kernel: [    0.325446] Block layer SCSI generic (bsg) driver version 0.4 loaded (major 244)\nJun 16 03:17:33 billy kernel: [    0.325509] io scheduler mq-deadline registered\nJun 16 03:17:33 billy kernel: [    0.326452] pcieport 0000:00:01.2: PME: Signaling with IRQ 26\nJun 16 03:17:33 billy kernel: [    0.326540] pcieport 0000:00:01.2: AER: enabled with IRQ 26\nJun 16 03:17:33 billy kernel: [    0.326700] pcieport 0000:00:01.3: PME: Signaling with IRQ 27\nJun 16 03:17:33 billy kernel: [    0.326762] pcieport 0000:00:01.3: AER: enabled with IRQ 27\nJun 16 03:17:33 billy kernel: [    0.326926] pcieport 0000:00:08.1: PME: Signaling with IRQ 28\nJun 16 03:17:33 billy kernel: [    0.327130] pcieport 0000:00:08.2: PME: Signaling with IRQ 29\nJun 16 03:17:33 billy kernel: [    0.328138] shpchp: Standard Hot Plug PCI Controller Driver version: 0.4\nJun 16 03:17:33 billy kernel: [    0.328178] efifb: probing for efifb\nJun 16 03:17:33 billy kernel: [    0.328207] efifb: showing boot graphics\nJun 16 03:17:33 billy kernel: [    0.329463] efifb: framebuffer at 0xe0000000, using 3072k, total 3072k\nJun 16 03:17:33 billy kernel: [    0.329464] efifb: mode is 1024x768x32, linelength=4096, pages=1\nJun 16 03:17:33 billy kernel: [    0.329464] efifb: scrolling: redraw\nJun 16 03:17:33 billy kernel: [    0.329464] efifb: Truecolor: size=8:8:8:8, shift=24:16:8:0\nJun 16 03:17:33 billy kernel: [    0.329546] Console: switching to colour frame buffer device 128x48\nJun 16 03:17:33 billy kernel: [    0.330795] fb0: EFI VGA frame buffer device\nJun 16 03:17:33 billy kernel: [    0.330895] input: Power Button as /devices/LNXSYSTM:00/LNXSYBUS:00/PNP0C0C:00/input/input0\nJun 16 03:17:33 billy kernel: [    0.330908] ACPI: Power Button [PWRB]\nJun 16 03:17:33 billy kernel: [    0.330931] input: Power Button as /devices/LNXSYSTM:00/LNXPWRBN:00/input/input1\nJun 16 03:17:33 billy kernel: [    0.330958] ACPI: Power Button [PWRF]\nJun 16 03:17:33 billy kernel: [    0.331002] Monitor-Mwait will be used to enter C-1 state\nJun 16 03:17:33 billy kernel: [    0.331007] ACPI: \\_PR_.C000: Found 2 idle states\nJun 16 03:17:33 billy kernel: [    0.331093] ACPI: \\_PR_.C002: Found 2 idle states\nJun 16 03:17:33 billy kernel: [    0.331232] ACPI: \\_PR_.C004: Found 2 idle states\nJun 16 03:17:33 billy kernel: [    0.331294] ACPI: \\_PR_.C006: Found 2 idle states\nJun 16 03:17:33 billy kernel: [    0.331360] ACPI: \\_PR_.C001: Found 2 idle states\nJun 16 03:17:33 billy kernel: [    0.331452] ACPI: \\_PR_.C003: Found 2 idle states\nJun 16 03:17:33 billy kernel: [    0.331522] ACPI: \\_PR_.C005: Found 2 idle states\nJun 16 03:17:33 billy kernel: [    0.331600] ACPI: \\_PR_.C007: Found 2 idle states\nJun 16 03:17:33 billy kernel: [    0.331854] Serial: 8250/16550 driver, 32 ports, IRQ sharing enabled\nJun 16 03:17:33 billy kernel: [    0.332961] Linux agpgart interface v0.103\nJun 16 03:17:33 billy kernel: [    0.337215] loop: module loaded\nJun 16 03:17:33 billy kernel: [    0.337506] libphy: Fixed MDIO Bus: probed\nJun 16 03:17:33 billy kernel: [    0.337507] tun: Universal TUN/TAP device driver, 1.6\nJun 16 03:17:33 billy kernel: [    0.337549] PPP generic driver version 2.4.2\nJun 16 03:17:33 billy kernel: [    0.337603] VFIO - User Level meta-driver version: 0.3\nJun 16 03:17:33 billy kernel: [    0.337674] ehci_hcd: USB 2.0 'Enhanced' Host Controller (EHCI) Driver\nJun 16 03:17:33 billy kernel: [    0.337676] ehci-pci: EHCI PCI platform driver\nJun 16 03:17:33 billy kernel: [    0.337688] ehci-platform: EHCI generic platform driver\nJun 16 03:17:33 billy kernel: [    0.337693] ohci_hcd: USB 1.1 'Open' Host Controller (OHCI) Driver\nJun 16 03:17:33 billy kernel: [    0.337694] ohci-pci: OHCI PCI platform driver\nJun 16 03:17:33 billy kernel: [    0.337700] ohci-platform: OHCI generic platform driver\nJun 16 03:17:33 billy kernel: [    0.337704] uhci_hcd: USB Universal Host Controller Interface driver\nJun 16 03:17:33 billy kernel: [    0.337730] i8042: PNP: No PS/2 controller found.\nJun 16 03:17:33 billy kernel: [    0.337803] mousedev: PS/2 mouse device common for all mice\nJun 16 03:17:33 billy kernel: [    0.337892] rtc_cmos 00:02: RTC can wake from S4\nJun 16 03:17:33 billy kernel: [    0.338140] rtc_cmos 00:02: registered as rtc0\nJun 16 03:17:33 billy kernel: [    0.338198] rtc_cmos 00:02: setting system clock to 2021-06-15T20:16:52 UTC (1623788212)\nJun 16 03:17:33 billy kernel: [    0.338208] rtc_cmos 00:02: alarms up to one month, y3k, 114 bytes nvram, hpet irqs\nJun 16 03:17:33 billy kernel: [    0.338212] i2c /dev entries driver\nJun 16 03:17:33 billy kernel: [    0.338260] device-mapper: uevent: version 1.0.3\nJun 16 03:17:33 billy kernel: [    0.338304] device-mapper: ioctl: 4.42.0-ioctl (2020-02-27) initialised: dm-devel@redhat.com\nJun 16 03:17:33 billy kernel: [    0.338316] platform eisa.0: Probing EISA bus 0\nJun 16 03:17:33 billy kernel: [    0.338317] platform eisa.0: EISA: Cannot allocate resource for mainboard\nJun 16 03:17:33 billy kernel: [    0.338318] platform eisa.0: Cannot allocate resource for EISA slot 1\nJun 16 03:17:33 billy kernel: [    0.338318] platform eisa.0: Cannot allocate resource for EISA slot 2\nJun 16 03:17:33 billy kernel: [    0.338319] platform eisa.0: Cannot allocate resource for EISA slot 3\nJun 16 03:17:33 billy kernel: [    0.338320] platform eisa.0: Cannot allocate resource for EISA slot 4\nJun 16 03:17:33 billy kernel: [    0.338320] platform eisa.0: Cannot allocate resource for EISA slot 5\nJun 16 03:17:33 billy kernel: [    0.338321] platform eisa.0: Cannot allocate resource for EISA slot 6\nJun 16 03:17:33 billy kernel: [    0.338322] platform eisa.0: Cannot allocate resource for EISA slot 7\nJun 16 03:17:33 billy kernel: [    0.338322] platform eisa.0: Cannot allocate resource for EISA slot 8\nJun 16 03:17:33 billy kernel: [    0.338323] platform eisa.0: EISA: Detected 0 cards\nJun 16 03:17:33 billy kernel: [    0.338454] ledtrig-cpu: registered to indicate activity on CPUs\nJun 16 03:17:33 billy kernel: [    0.338457] EFI Variables Facility v0.08 2004-May-17\nJun 16 03:17:33 billy kernel: [    0.358978] drop_monitor: Initializing network drop monitor service\nJun 16 03:17:33 billy kernel: [    0.359124] NET: Registered protocol family 10\nJun 16 03:17:33 billy kernel: [    0.362883] Segment Routing with IPv6\nJun 16 03:17:33 billy kernel: [    0.362903] NET: Registered protocol family 17\nJun 16 03:17:33 billy kernel: [    0.362951] Key type dns_resolver registered\nJun 16 03:17:33 billy kernel: [    0.363448] microcode: CPU0: patch_level=0x0810100b\nJun 16 03:17:33 billy kernel: [    0.363460] microcode: CPU1: patch_level=0x0810100b\nJun 16 03:17:33 billy kernel: [    0.363465] microcode: CPU2: patch_level=0x0810100b\nJun 16 03:17:33 billy kernel: [    0.363472] microcode: CPU3: patch_level=0x0810100b\nJun 16 03:17:33 billy kernel: [    0.363479] microcode: CPU4: patch_level=0x0810100b\nJun 16 03:17:33 billy kernel: [    0.363486] microcode: CPU5: patch_level=0x0810100b\nJun 16 03:17:33 billy kernel: [    0.363493] microcode: CPU6: patch_level=0x0810100b\nJun 16 03:17:33 billy kernel: [    0.363500] microcode: CPU7: patch_level=0x0810100b\nJun 16 03:17:33 billy kernel: [    0.363524] microcode: Microcode Update Driver: v2.2.\nJun 16 03:17:33 billy kernel: [    0.363528] IPI shorthand broadcast: enabled\nJun 16 03:17:33 billy kernel: [    0.363548] sched_clock: Marking stable (399514080, -35993658)->(367768939, -4248517)\nJun 16 03:17:33 billy kernel: [    0.363647] registered taskstats version 1\nJun 16 03:17:33 billy kernel: [    0.363657] Loading compiled-in X.509 certificates\nJun 16 03:17:33 billy kernel: [    0.364312] Loaded X.509 cert 'Build time autogenerated kernel key: a3e9eb9032099963d398e4d4d5991ce491952397'\nJun 16 03:17:33 billy kernel: [    0.364345] zswap: loaded using pool lzo/zbud\nJun 16 03:17:33 billy kernel: [    0.364459] Key type ._fscrypt registered\nJun 16 03:17:33 billy kernel: [    0.364460] Key type .fscrypt registered\nJun 16 03:17:33 billy kernel: [    0.364461] Key type fscrypt-provisioning registered\nJun 16 03:17:33 billy kernel: [    0.366222] Key type encrypted registered\nJun 16 03:17:33 billy kernel: [    0.366223] AppArmor: AppArmor sha1 policy hashing enabled\nJun 16 03:17:33 billy kernel: [    0.367299] integrity: Loading X.509 certificate: UEFI:MokListRT\nJun 16 03:17:33 billy kernel: [    0.367333] integrity: Loaded X.509 cert 'SomeOrg: shim: a01ee84e9b37ace407961cc468c5909447878469'\nJun 16 03:17:33 billy kernel: [    0.367334] integrity: Loading X.509 certificate: UEFI:MokListRT\nJun 16 03:17:33 billy kernel: [    0.367568] integrity: Loaded X.509 cert 'Canonical Ltd. Master Certificate Authority: ad91990bc22ab1f517048c23b6655a268e345a63'\nJun 16 03:17:33 billy kernel: [    0.370326] ima: No TPM chip found, activating TPM-bypass!\nJun 16 03:17:33 billy kernel: [    0.370341] ima: Allocated hash algorithm: sha1\nJun 16 03:17:33 billy kernel: [    0.370347] ima: No architecture policies found\nJun 16 03:17:33 billy kernel: [    0.370355] evm: Initialising EVM extended attributes:\nJun 16 03:17:33 billy kernel: [    0.370355] evm: security.selinux\nJun 16 03:17:33 billy kernel: [    0.370356] evm: security.SMACK64\nJun 16 03:17:33 billy kernel: [    0.370356] evm: security.SMACK64EXEC\nJun 16 03:17:33 billy kernel: [    0.370356] evm: security.SMACK64TRANSMUTE\nJun 16 03:17:33 billy kernel: [    0.370356] evm: security.SMACK64MMAP\nJun 16 03:17:33 billy kernel: [    0.370357] evm: security.apparmor\nJun 16 03:17:33 billy kernel: [    0.370357] evm: security.ima\nJun 16 03:17:33 billy kernel: [    0.370357] evm: security.capability\nJun 16 03:17:33 billy kernel: [    0.370358] evm: HMAC attrs: 0x1\nJun 16 03:17:33 billy kernel: [    0.370787] PM:   Magic number: 9:967:295\nJun 16 03:17:33 billy kernel: [    0.370819] tty tty28: hash matches\nJun 16 03:17:33 billy kernel: [    0.371086] acpi_cpufreq: overriding BIOS provided _PSD data\nJun 16 03:17:33 billy kernel: [    0.371507] RAS: Correctable Errors collector initialized.\nJun 16 03:17:33 billy kernel: [    0.372785] Freeing unused decrypted memory: 2040K\nJun 16 03:17:33 billy kernel: [    0.373197] Freeing unused kernel image (initmem) memory: 2640K\nJun 16 03:17:33 billy kernel: [    0.389226] Write protecting the kernel read-only data: 22528k\nJun 16 03:17:33 billy kernel: [    0.389961] Freeing unused kernel image (text/rodata gap) memory: 2044K\nJun 16 03:17:33 billy kernel: [    0.390213] Freeing unused kernel image (rodata/data gap) memory: 756K\nJun 16 03:17:33 billy kernel: [    0.462267] x86/mm: Checked W+X mappings: passed, no W+X pages found.\nJun 16 03:17:33 billy kernel: [    0.462294] Run /init as init process\nJun 16 03:17:33 billy kernel: [    0.462296]   with arguments:\nJun 16 03:17:33 billy kernel: [    0.462298]     /init\nJun 16 03:17:33 billy kernel: [    0.462299]     splash\nJun 16 03:17:33 billy kernel: [    0.462300]   with environment:\nJun 16 03:17:33 billy kernel: [    0.462301]     HOME=/\nJun 16 03:17:33 billy kernel: [    0.462301]     TERM=linux\nJun 16 03:17:33 billy kernel: [    0.462302]     BOOT_IMAGE=/boot/vmlinuz-5.8.0-44-generic\nJun 16 03:17:33 billy kernel: [    0.556445] ACPI: Video Device [VGA1] (multi-head: yes  rom: no  post: no)\nJun 16 03:17:33 billy kernel: [    0.556962] acpi device:10: registered as cooling_device8\nJun 16 03:17:33 billy kernel: [    0.557038] input: Video Bus as /devices/LNXSYSTM:00/LNXSYBUS:00/PNP0A08:00/device:0f/LNXVIDEO:01/input/input2\nJun 16 03:17:33 billy kernel: [    0.593235] xhci_hcd 0000:01:00.0: xHCI Host Controller\nJun 16 03:17:33 billy kernel: [    0.593244] xhci_hcd 0000:01:00.0: new USB bus registered, assigned bus number 1\nJun 16 03:17:33 billy kernel: [    0.593847] piix4_smbus 0000:00:14.0: SMBus Host Controller at 0xb00, revision 0\nJun 16 03:17:33 billy kernel: [    0.593849] piix4_smbus 0000:00:14.0: Using register 0x02 for SMBus port selection\nJun 16 03:17:33 billy kernel: [    0.594139] piix4_smbus 0000:00:14.0: Auxiliary SMBus Host Controller at 0xb20\nJun 16 03:17:33 billy kernel: [    0.594890] ahci 0000:01:00.1: version 3.0\nJun 16 03:17:33 billy kernel: [    0.595619] ahci 0000:01:00.1: SSS flag set, parallel bus scan disabled\nJun 16 03:17:33 billy kernel: [    0.595847] ahci 0000:01:00.1: AHCI 0001.0301 32 slots 8 ports 6 Gbps 0xff impl SATA mode\nJun 16 03:17:33 billy kernel: [    0.595849] ahci 0000:01:00.1: flags: 64bit ncq sntf stag pm led clo only pmp pio slum part sxs deso sadm sds apst \nJun 16 03:17:33 billy kernel: [    0.596520] nvme nvme0: pci function 0000:08:00.0\nJun 16 03:17:33 billy kernel: [    0.596996] scsi host0: ahci\nJun 16 03:17:33 billy kernel: [    0.597252] scsi host1: ahci\nJun 16 03:17:33 billy kernel: [    0.597358] scsi host2: ahci\nJun 16 03:17:33 billy kernel: [    0.597465] scsi host3: ahci\nJun 16 03:17:33 billy kernel: [    0.597597] scsi host4: ahci\nJun 16 03:17:33 billy kernel: [    0.597765] scsi host5: ahci\nJun 16 03:17:33 billy kernel: [    0.597940] scsi host6: ahci\nJun 16 03:17:33 billy kernel: [    0.601395] scsi host7: ahci\nJun 16 03:17:33 billy kernel: [    0.601449] ata1: SATA max UDMA/133 abar m131072@0xfcd80000 port 0xfcd80100 irq 40\nJun 16 03:17:33 billy kernel: [    0.601456] ata2: SATA max UDMA/133 abar m131072@0xfcd80000 port 0xfcd80180 irq 40\nJun 16 03:17:33 billy kernel: [    0.601464] ata3: SATA max UDMA/133 abar m131072@0xfcd80000 port 0xfcd80200 irq 40\nJun 16 03:17:33 billy kernel: [    0.601471] ata4: SATA max UDMA/133 abar m131072@0xfcd80000 port 0xfcd80280 irq 40\nJun 16 03:17:33 billy kernel: [    0.601473] ata5: SATA max UDMA/133 abar m131072@0xfcd80000 port 0xfcd80300 irq 40\nJun 16 03:17:33 billy kernel: [    0.601475] ata6: SATA max UDMA/133 abar m131072@0xfcd80000 port 0xfcd80380 irq 40\nJun 16 03:17:33 billy kernel: [    0.601477] ata7: SATA max UDMA/133 abar m131072@0xfcd80000 port 0xfcd80400 irq 40\nJun 16 03:17:33 billy kernel: [    0.601478] ata8: SATA max UDMA/133 abar m131072@0xfcd80000 port 0xfcd80480 irq 40\nJun 16 03:17:33 billy kernel: [    0.614881] libphy: r8169: probed\nJun 16 03:17:33 billy kernel: [    0.615147] r8169 0000:03:00.0 eth0: RTL8168g/8111g, e0:d5:5e:83:d6:92, XID 4c0, IRQ 46\nJun 16 03:17:33 billy kernel: [    0.615149] r8169 0000:03:00.0 eth0: jumbo features [frames: 9194 bytes, tx checksumming: ko]\nJun 16 03:17:33 billy kernel: [    0.615183] ahci 0000:0a:00.0: AHCI 0001.0301 32 slots 1 ports 6 Gbps 0x2 impl SATA mode\nJun 16 03:17:33 billy kernel: [    0.615186] ahci 0000:0a:00.0: flags: 64bit ncq sntf ilck pm led clo only pmp fbs pio slum part \nJun 16 03:17:33 billy kernel: [    0.615876] scsi host8: ahci\nJun 16 03:17:33 billy kernel: [    0.616276] scsi host9: ahci\nJun 16 03:17:33 billy kernel: [    0.616377] ata9: DUMMY\nJun 16 03:17:33 billy kernel: [    0.616387] ata10: SATA max UDMA/133 abar m2048@0xfce00000 port 0xfce00180 irq 45\nJun 16 03:17:33 billy kernel: [    0.618330] nvme nvme0: 8/0/0 default/read/poll queues\nJun 16 03:17:33 billy kernel: [    0.621003]  nvme0n1: p1 p2 p3 p4 p5\nJun 16 03:17:33 billy kernel: [    0.648760] xhci_hcd 0000:01:00.0: hcc params 0x0200ef81 hci version 0x110 quirks 0x0000000008000410\nJun 16 03:17:33 billy kernel: [    0.649195] usb usb1: New USB device found, idVendor=1d6b, idProduct=0002, bcdDevice= 5.08\nJun 16 03:17:33 billy kernel: [    0.649196] usb usb1: New USB device strings: Mfr=3, Product=2, SerialNumber=1\nJun 16 03:17:33 billy kernel: [    0.649197] usb usb1: Product: xHCI Host Controller\nJun 16 03:17:33 billy kernel: [    0.649198] usb usb1: Manufacturer: Linux 5.8.0-44-generic xhci-hcd\nJun 16 03:17:33 billy kernel: [    0.649199] usb usb1: SerialNumber: 0000:01:00.0\nJun 16 03:17:33 billy kernel: [    0.649352] hub 1-0:1.0: USB hub found\nJun 16 03:17:33 billy kernel: [    0.649396] hub 1-0:1.0: 14 ports detected\nJun 16 03:17:33 billy kernel: [    0.649962] xhci_hcd 0000:01:00.0: xHCI Host Controller\nJun 16 03:17:33 billy kernel: [    0.649964] xhci_hcd 0000:01:00.0: new USB bus registered, assigned bus number 2\nJun 16 03:17:33 billy kernel: [    0.649967] xhci_hcd 0000:01:00.0: Host supports USB 3.1 Enhanced SuperSpeed\nJun 16 03:17:33 billy kernel: [    0.650028] usb usb2: We don't know the algorithms for LPM for this host, disabling LPM.\nJun 16 03:17:33 billy kernel: [    0.650275] usb usb2: New USB device found, idVendor=1d6b, idProduct=0003, bcdDevice= 5.08\nJun 16 03:17:33 billy kernel: [    0.650276] usb usb2: New USB device strings: Mfr=3, Product=2, SerialNumber=1\nJun 16 03:17:33 billy kernel: [    0.650277] usb usb2: Product: xHCI Host Controller\nJun 16 03:17:33 billy kernel: [    0.650278] usb usb2: Manufacturer: Linux 5.8.0-44-generic xhci-hcd\nJun 16 03:17:33 billy kernel: [    0.650278] usb usb2: SerialNumber: 0000:01:00.0\nJun 16 03:17:33 billy kernel: [    0.650386] hub 2-0:1.0: USB hub found\nJun 16 03:17:33 billy kernel: [    0.650418] hub 2-0:1.0: 8 ports detected\nJun 16 03:17:33 billy kernel: [    0.650494] usb: port power management may be unreliable\nJun 16 03:17:33 billy kernel: [    0.650913] xhci_hcd 0000:09:00.3: xHCI Host Controller\nJun 16 03:17:33 billy kernel: [    0.650917] xhci_hcd 0000:09:00.3: new USB bus registered, assigned bus number 3\nJun 16 03:17:33 billy kernel: [    0.651332] xhci_hcd 0000:09:00.3: hcc params 0x0270ffe5 hci version 0x110 quirks 0x0000000840000410\nJun 16 03:17:33 billy kernel: [    0.652498] r8169 0000:03:00.0 eno1: renamed from eth0\nJun 16 03:17:33 billy kernel: [    0.652655] usb usb3: New USB device found, idVendor=1d6b, idProduct=0002, bcdDevice= 5.08\nJun 16 03:17:33 billy kernel: [    0.652657] usb usb3: New USB device strings: Mfr=3, Product=2, SerialNumber=1\nJun 16 03:17:33 billy kernel: [    0.652657] usb usb3: Product: xHCI Host Controller\nJun 16 03:17:33 billy kernel: [    0.652658] usb usb3: Manufacturer: Linux 5.8.0-44-generic xhci-hcd\nJun 16 03:17:33 billy kernel: [    0.652659] usb usb3: SerialNumber: 0000:09:00.3\nJun 16 03:17:33 billy kernel: [    0.652760] hub 3-0:1.0: USB hub found\nJun 16 03:17:33 billy kernel: [    0.652774] hub 3-0:1.0: 4 ports detected\nJun 16 03:17:33 billy kernel: [    0.653080] xhci_hcd 0000:09:00.3: xHCI Host Controller\nJun 16 03:17:33 billy kernel: [    0.653083] xhci_hcd 0000:09:00.3: new USB bus registered, assigned bus number 4\nJun 16 03:17:33 billy kernel: [    0.653086] xhci_hcd 0000:09:00.3: Host supports USB 3.1 Enhanced SuperSpeed\nJun 16 03:17:33 billy kernel: [    0.653119] usb usb4: We don't know the algorithms for LPM for this host, disabling LPM.\nJun 16 03:17:33 billy kernel: [    0.653136] usb usb4: New USB device found, idVendor=1d6b, idProduct=0003, bcdDevice= 5.08\nJun 16 03:17:33 billy kernel: [    0.653137] usb usb4: New USB device strings: Mfr=3, Product=2, SerialNumber=1\nJun 16 03:17:33 billy kernel: [    0.653137] usb usb4: Product: xHCI Host Controller\nJun 16 03:17:33 billy kernel: [    0.653138] usb usb4: Manufacturer: Linux 5.8.0-44-generic xhci-hcd\nJun 16 03:17:33 billy kernel: [    0.653139] usb usb4: SerialNumber: 0000:09:00.3\nJun 16 03:17:33 billy kernel: [    0.653212] hub 4-0:1.0: USB hub found\nJun 16 03:17:33 billy kernel: [    0.653245] hub 4-0:1.0: 4 ports detected\nJun 16 03:17:33 billy kernel: [    0.653735] xhci_hcd 0000:09:00.4: xHCI Host Controller\nJun 16 03:17:33 billy kernel: [    0.653738] xhci_hcd 0000:09:00.4: new USB bus registered, assigned bus number 5\nJun 16 03:17:33 billy kernel: [    0.654015] xhci_hcd 0000:09:00.4: hcc params 0x0260ffe5 hci version 0x110 quirks 0x0000000840000410\nJun 16 03:17:33 billy kernel: [    0.654916] usb usb5: New USB device found, idVendor=1d6b, idProduct=0002, bcdDevice= 5.08\nJun 16 03:17:33 billy kernel: [    0.654917] usb usb5: New USB device strings: Mfr=3, Product=2, SerialNumber=1\nJun 16 03:17:33 billy kernel: [    0.654918] usb usb5: Product: xHCI Host Controller\nJun 16 03:17:33 billy kernel: [    0.654918] usb usb5: Manufacturer: Linux 5.8.0-44-generic xhci-hcd\nJun 16 03:17:33 billy kernel: [    0.654919] usb usb5: SerialNumber: 0000:09:00.4\nJun 16 03:17:33 billy kernel: [    0.655011] hub 5-0:1.0: USB hub found\nJun 16 03:17:33 billy kernel: [    0.655022] hub 5-0:1.0: 1 port detected\nJun 16 03:17:33 billy kernel: [    0.655223] xhci_hcd 0000:09:00.4: xHCI Host Controller\nJun 16 03:17:33 billy kernel: [    0.655225] xhci_hcd 0000:09:00.4: new USB bus registered, assigned bus number 6\nJun 16 03:17:33 billy kernel: [    0.655227] xhci_hcd 0000:09:00.4: Host supports USB 3.1 Enhanced SuperSpeed\nJun 16 03:17:33 billy kernel: [    0.655261] usb usb6: We don't know the algorithms for LPM for this host, disabling LPM.\nJun 16 03:17:33 billy kernel: [    0.655278] usb usb6: New USB device found, idVendor=1d6b, idProduct=0003, bcdDevice= 5.08\nJun 16 03:17:33 billy kernel: [    0.655279] usb usb6: New USB device strings: Mfr=3, Product=2, SerialNumber=1\nJun 16 03:17:33 billy kernel: [    0.655279] usb usb6: Product: xHCI Host Controller\nJun 16 03:17:33 billy kernel: [    0.655280] usb usb6: Manufacturer: Linux 5.8.0-44-generic xhci-hcd\nJun 16 03:17:33 billy kernel: [    0.655281] usb usb6: SerialNumber: 0000:09:00.4\nJun 16 03:17:33 billy kernel: [    0.655358] hub 6-0:1.0: USB hub found\nJun 16 03:17:33 billy kernel: [    0.655378] hub 6-0:1.0: 1 port detected\nJun 16 03:17:33 billy kernel: [    0.920603] ata1: SATA link down (SStatus 0 SControl 300)\nJun 16 03:17:33 billy kernel: [    0.987171] usb 1-9: new high-speed USB device number 2 using xhci_hcd\nJun 16 03:17:33 billy kernel: [    0.987186] usb 3-2: new low-speed USB device number 2 using xhci_hcd\nJun 16 03:17:33 billy kernel: [    1.104525] ata10: SATA link up 6.0 Gbps (SStatus 133 SControl 300)\nJun 16 03:17:33 billy kernel: [    1.105482] ata10.00: ATA-9: ST2000DM006-2DM164, CC26, max UDMA/133\nJun 16 03:17:33 billy kernel: [    1.105484] ata10.00: 3907029168 sectors, multi 16: LBA48 NCQ (depth 32), AA\nJun 16 03:17:33 billy kernel: [    1.106670] ata10.00: configured for UDMA/133\nJun 16 03:17:33 billy kernel: [    1.165366] usb 3-2: New USB device found, idVendor=04d9, idProduct=1702, bcdDevice= 4.06\nJun 16 03:17:33 billy kernel: [    1.165370] usb 3-2: New USB device strings: Mfr=1, Product=2, SerialNumber=0\nJun 16 03:17:33 billy kernel: [    1.165372] usb 3-2: Product: USB Keyboard\nJun 16 03:17:33 billy kernel: [    1.165374] usb 3-2: Manufacturer:  \nJun 16 03:17:33 billy kernel: [    1.167958] usb 1-9: New USB device found, idVendor=1235, idProduct=8016, bcdDevice= 1.ec\nJun 16 03:17:33 billy kernel: [    1.167961] usb 1-9: New USB device strings: Mfr=1, Product=2, SerialNumber=0\nJun 16 03:17:33 billy kernel: [    1.167963] usb 1-9: Product: Scarlett 2i2 USB\nJun 16 03:17:33 billy kernel: [    1.167965] usb 1-9: Manufacturer: Focusrite\nJun 16 03:17:33 billy kernel: [    1.200233] hid: raw HID events driver (C) Jiri Kosina\nJun 16 03:17:33 billy kernel: [    1.234390] usbcore: registered new interface driver usbhid\nJun 16 03:17:33 billy kernel: [    1.234392] usbhid: USB HID core driver\nJun 16 03:17:33 billy kernel: [    1.238594] input:   USB Keyboard as /devices/pci0000:00/0000:00:08.1/0000:09:00.3/usb3/3-2/3-2:1.0/0003:04D9:1702.0001/input/input3\nJun 16 03:17:33 billy kernel: [    1.239147] ata2: SATA link down (SStatus 0 SControl 300)\nJun 16 03:17:33 billy kernel: [    1.296601] hid-generic 0003:04D9:1702.0001: input,hidraw0: USB HID v1.10 Keyboard [  USB Keyboard] on usb-0000:09:00.3-2/input0\nJun 16 03:17:33 billy kernel: [    1.296838] input:   USB Keyboard System Control as /devices/pci0000:00/0000:00:08.1/0000:09:00.3/usb3/3-2/3-2:1.1/0003:04D9:1702.0002/input/input4\nJun 16 03:17:33 billy kernel: [    1.316435] usb 1-12: new high-speed USB device number 3 using xhci_hcd\nJun 16 03:17:33 billy kernel: [    1.336404] tsc: Refined TSC clocksource calibration: 3593.231 MHz\nJun 16 03:17:33 billy kernel: [    1.336423] clocksource: tsc: mask: 0xffffffffffffffff max_cycles: 0x33cb592eeae, max_idle_ns: 440795368405 ns\nJun 16 03:17:33 billy kernel: [    1.336473] clocksource: Switched to clocksource tsc\nJun 16 03:17:33 billy kernel: [    1.356583] input:   USB Keyboard Consumer Control as /devices/pci0000:00/0000:00:08.1/0000:09:00.3/usb3/3-2/3-2:1.1/0003:04D9:1702.0002/input/input5\nJun 16 03:17:33 billy kernel: [    1.356699] hid-generic 0003:04D9:1702.0002: input,hidraw1: USB HID v1.10 Device [  USB Keyboard] on usb-0000:09:00.3-2/input1\nJun 16 03:17:33 billy kernel: [    1.633011] usb 1-12: New USB device found, idVendor=046d, idProduct=09a1, bcdDevice= 0.08\nJun 16 03:17:33 billy kernel: [    1.633014] usb 1-12: New USB device strings: Mfr=0, Product=0, SerialNumber=2\nJun 16 03:17:33 billy kernel: [    1.633017] usb 1-12: SerialNumber: E8984E10\nJun 16 03:17:33 billy kernel: [    1.764358] usb 1-13: new full-speed USB device number 4 using xhci_hcd\nJun 16 03:17:33 billy kernel: [    2.105790] usb 1-13: New USB device found, idVendor=093a, idProduct=2533, bcdDevice= 1.00\nJun 16 03:17:33 billy kernel: [    2.105794] usb 1-13: New USB device strings: Mfr=1, Product=2, SerialNumber=0\nJun 16 03:17:33 billy kernel: [    2.105796] usb 1-13: Product: OpticalMouse\nJun 16 03:17:33 billy kernel: [    2.105798] usb 1-13: Manufacturer: PixArt\nJun 16 03:17:33 billy kernel: [    2.126951] input: PixArt OpticalMouse as /devices/pci0000:00/0000:00:01.2/0000:01:00.0/usb1/1-13/1-13:1.0/0003:093A:2533.0003/input/input6\nJun 16 03:17:33 billy kernel: [    2.127082] hid-generic 0003:093A:2533.0003: input,hidraw2: USB HID v1.11 Mouse [PixArt OpticalMouse] on usb-0000:01:00.0-13/input0\nJun 16 03:17:33 billy kernel: [    2.146819] input: PixArt OpticalMouse Keyboard as /devices/pci0000:00/0000:00:01.2/0000:01:00.0/usb1/1-13/1-13:1.1/0003:093A:2533.0004/input/input8\nJun 16 03:17:33 billy kernel: [    2.204591] input: PixArt OpticalMouse Consumer Control as /devices/pci0000:00/0000:00:01.2/0000:01:00.0/usb1/1-13/1-13:1.1/0003:093A:2533.0004/input/input9\nJun 16 03:17:33 billy kernel: [    2.204732] hid-generic 0003:093A:2533.0004: input,hiddev0,hidraw3: USB HID v1.11 Keyboard [PixArt OpticalMouse] on usb-0000:01:00.0-13/input1\nJun 16 03:17:33 billy kernel: [    2.280353] ata3: failed to resume link (SControl 0)\nJun 16 03:17:33 billy kernel: [    2.280371] ata3: SATA link down (SStatus 0 SControl 0)\nJun 16 03:17:33 billy kernel: [    2.332469] usb 1-14: new full-speed USB device number 5 using xhci_hcd\nJun 16 03:17:33 billy kernel: [    2.623224] usb 1-14: New USB device found, idVendor=264a, idProduct=5006, bcdDevice= 1.00\nJun 16 03:17:33 billy kernel: [    2.623227] usb 1-14: New USB device strings: Mfr=1, Product=2, SerialNumber=0\nJun 16 03:17:33 billy kernel: [    2.623230] usb 1-14: Product: Tt eSPORTS SHOCK PRO RGB 7.1\nJun 16 03:17:33 billy kernel: [    2.623232] usb 1-14: Manufacturer: C-Media Electronics Inc.\nJun 16 03:17:33 billy kernel: [    2.639956] input: C-Media Electronics Inc. Tt eSPORTS SHOCK PRO RGB 7.1 as /devices/pci0000:00/0000:00:01.2/0000:01:00.0/usb1/1-14/1-14:1.3/0003:264A:5006.0005/input/input10\nJun 16 03:17:33 billy kernel: [    2.696535] hid-generic 0003:264A:5006.0005: input,hidraw4: USB HID v1.00 Device [C-Media Electronics Inc. Tt eSPORTS SHOCK PRO RGB 7.1] on usb-0000:01:00.0-14/input3\nJun 16 03:17:33 billy kernel: [    3.320333] ata4: failed to resume link (SControl 0)\nJun 16 03:17:33 billy kernel: [    3.320351] ata4: SATA link down (SStatus 0 SControl 0)\nJun 16 03:17:33 billy kernel: [    3.796380] ata5: SATA link up 3.0 Gbps (SStatus 123 SControl 300)\nJun 16 03:17:33 billy kernel: [    3.797778] ata5.00: ATA-8: ST3250318AS, CC38, max UDMA/133\nJun 16 03:17:33 billy kernel: [    3.797782] ata5.00: 488397168 sectors, multi 16: LBA48 NCQ (depth 32)\nJun 16 03:17:33 billy kernel: [    3.799025] ata5.00: configured for UDMA/133\nJun 16 03:17:33 billy kernel: [    3.799225] scsi 4:0:0:0: Direct-Access     ATA      ST3250318AS      CC38 PQ: 0 ANSI: 5\nJun 16 03:17:33 billy kernel: [    3.799696] sd 4:0:0:0: Attached scsi generic sg0 type 0\nJun 16 03:17:33 billy kernel: [    3.799786] sd 4:0:0:0: [sda] 488397168 512-byte logical blocks: (250 GB/233 GiB)\nJun 16 03:17:33 billy kernel: [    3.799802] sd 4:0:0:0: [sda] Write Protect is off\nJun 16 03:17:33 billy kernel: [    3.799805] sd 4:0:0:0: [sda] Mode Sense: 00 3a 00 00\nJun 16 03:17:33 billy kernel: [    3.799836] sd 4:0:0:0: [sda] Write cache: enabled, read cache: enabled, doesn't support DPO or FUA\nJun 16 03:17:33 billy kernel: [    3.841775]  sda: sda1\nJun 16 03:17:33 billy kernel: [    3.842584] sd 4:0:0:0: [sda] Attached SCSI disk\nJun 16 03:17:33 billy kernel: [    4.272388] ata6: SATA link up 3.0 Gbps (SStatus 123 SControl 300)\nJun 16 03:17:33 billy kernel: [    4.324444] ata6.00: ATA-8: TOSHIBA MQ01ABD100, AX101U, max UDMA/100\nJun 16 03:17:33 billy kernel: [    4.324447] ata6.00: 1953525168 sectors, multi 16: LBA48 NCQ (depth 32), AA\nJun 16 03:17:33 billy kernel: [    4.326545] ata6.00: configured for UDMA/100\nJun 16 03:17:33 billy kernel: [    4.327012] scsi 5:0:0:0: Direct-Access     ATA      TOSHIBA MQ01ABD1 1U   PQ: 0 ANSI: 5\nJun 16 03:17:33 billy kernel: [    4.327321] sd 5:0:0:0: Attached scsi generic sg1 type 0\nJun 16 03:17:33 billy kernel: [    4.327331] sd 5:0:0:0: [sdb] 1953525168 512-byte logical blocks: (1.00 TB/932 GiB)\nJun 16 03:17:33 billy kernel: [    4.327334] sd 5:0:0:0: [sdb] 4096-byte physical blocks\nJun 16 03:17:33 billy kernel: [    4.327350] sd 5:0:0:0: [sdb] Write Protect is off\nJun 16 03:17:33 billy kernel: [    4.327353] sd 5:0:0:0: [sdb] Mode Sense: 00 3a 00 00\nJun 16 03:17:33 billy kernel: [    4.327379] sd 5:0:0:0: [sdb] Write cache: enabled, read cache: enabled, doesn't support DPO or FUA\nJun 16 03:17:33 billy kernel: [    4.429025]  sdb: sdb1 < sdb5 sdb6 >\nJun 16 03:17:33 billy kernel: [    4.429879] sd 5:0:0:0: [sdb] Attached SCSI disk\nJun 16 03:17:33 billy kernel: [    5.368330] ata7: failed to resume link (SControl 0)\nJun 16 03:17:33 billy kernel: [    5.368348] ata7: SATA link down (SStatus 0 SControl 0)\nJun 16 03:17:33 billy kernel: [    6.408329] ata8: failed to resume link (SControl 0)\nJun 16 03:17:33 billy kernel: [    6.408348] ata8: SATA link down (SStatus 0 SControl 0)\nJun 16 03:17:33 billy kernel: [    6.408691] scsi 9:0:0:0: Direct-Access     ATA      ST2000DM006-2DM1 CC26 PQ: 0 ANSI: 5\nJun 16 03:17:33 billy kernel: [    6.409027] sd 9:0:0:0: [sdc] 3907029168 512-byte logical blocks: (2.00 TB/1.82 TiB)\nJun 16 03:17:33 billy kernel: [    6.409030] sd 9:0:0:0: [sdc] 4096-byte physical blocks\nJun 16 03:17:33 billy kernel: [    6.409037] sd 9:0:0:0: Attached scsi generic sg2 type 0\nJun 16 03:17:33 billy kernel: [    6.409048] sd 9:0:0:0: [sdc] Write Protect is off\nJun 16 03:17:33 billy kernel: [    6.409051] sd 9:0:0:0: [sdc] Mode Sense: 00 3a 00 00\nJun 16 03:17:33 billy kernel: [    6.409079] sd 9:0:0:0: [sdc] Write cache: enabled, read cache: enabled, doesn't support DPO or FUA\nJun 16 03:17:33 billy kernel: [    6.451108]  sdc: sdc1\nJun 16 03:17:33 billy kernel: [    6.451783] sd 9:0:0:0: [sdc] Attached SCSI disk\nJun 16 03:17:33 billy kernel: [    7.288714] EXT4-fs (sdb5): mounted filesystem with ordered data mode. Opts: (null)\nJun 16 03:17:33 billy kernel: [   13.683973] EXT4-fs (sdb5): re-mounted. Opts: errors=remount-ro\nJun 16 03:17:33 billy kernel: [   14.398042] lp: driver loaded but no devices found\nJun 16 03:17:33 billy kernel: [   14.462658] ppdev: user-space parallel port driver\nJun 16 03:17:33 billy kernel: [   14.720730] mc: Linux media interface: v0.10\nJun 16 03:17:33 billy kernel: [   14.791303] videodev: Linux video capture interface: v2.00\nJun 16 03:17:33 billy kernel: [   16.250418] v4l2loopback: loading out-of-tree module taints kernel.\nJun 16 03:17:33 billy kernel: [   16.250480] v4l2loopback: module verification failed: signature and/or required key missing - tainting kernel\nJun 16 03:17:33 billy kernel: [   16.251086] v4l2loopback driver version 0.12.3 loaded\nJun 16 03:17:33 billy kernel: [   18.959927] pstore: Using crash dump compression: deflate\nJun 16 03:17:33 billy kernel: [   18.959940] pstore: Registered efi as persistent store backend\nJun 16 03:17:33 billy kernel: [   18.984677] RAPL PMU: API unit is 2^-32 Joules, 1 fixed counters, 163840 ms ovfl timer\nJun 16 03:17:33 billy kernel: [   18.984678] RAPL PMU: hw unit of domain package 2^-16 Joules\nJun 16 03:17:33 billy kernel: [   19.171909] cryptd: max_cpu_qlen set to 1000\nJun 16 03:17:33 billy kernel: [   19.400732] AVX2 version of gcm_enc/dec engaged.\nJun 16 03:17:33 billy kernel: [   19.400733] AES CTR mode by8 optimization enabled\nJun 16 03:17:33 billy kernel: [   19.928637] ccp 0000:09:00.2: ccp enabled\nJun 16 03:17:33 billy kernel: [   19.928651] ccp 0000:09:00.2: psp: unable to access the device: you might be running a broken BIOS.\nJun 16 03:17:33 billy kernel: [   20.034638] kvm: Nested Virtualization enabled\nJun 16 03:17:33 billy kernel: [   20.034655] SVM: kvm: Nested Paging enabled\nJun 16 03:17:33 billy kernel: [   20.034655] SVM: Virtual VMLOAD VMSAVE supported\nJun 16 03:17:33 billy kernel: [   20.034656] SVM: Virtual GIF supported\nJun 16 03:17:33 billy kernel: [   20.090937] MCE: In-kernel MCE decoding enabled.\nJun 16 03:17:33 billy kernel: [   20.122387] EDAC amd64: F17h_M10h detected (node 0).\nJun 16 03:17:33 billy kernel: [   20.122529] EDAC amd64: Node 0: DRAM ECC disabled.\nJun 16 03:17:33 billy kernel: [   20.160767] EDAC amd64: F17h_M10h detected (node 0).\nJun 16 03:17:33 billy kernel: [   20.160867] EDAC amd64: Node 0: DRAM ECC disabled.\nJun 16 03:17:33 billy kernel: [   20.201470] EDAC amd64: F17h_M10h detected (node 0).\nJun 16 03:17:33 billy kernel: [   20.201588] EDAC amd64: Node 0: DRAM ECC disabled.\nJun 16 03:17:33 billy kernel: [   20.216487] snd_hda_intel 0000:09:00.1: Handle vga_switcheroo audio client\nJun 16 03:17:33 billy kernel: [   20.244651] EDAC amd64: F17h_M10h detected (node 0).\nJun 16 03:17:33 billy kernel: [   20.244768] EDAC amd64: Node 0: DRAM ECC disabled.\nJun 16 03:17:33 billy kernel: [   20.264006] input: HD-Audio Generic HDMI/DP,pcm=3 as /devices/pci0000:00/0000:00:08.1/0000:09:00.1/sound/card0/input11\nJun 16 03:17:33 billy kernel: [   20.264091] input: HD-Audio Generic HDMI/DP,pcm=7 as /devices/pci0000:00/0000:00:08.1/0000:09:00.1/sound/card0/input12\nJun 16 03:17:33 billy kernel: [   20.264159] input: HD-Audio Generic HDMI/DP,pcm=8 as /devices/pci0000:00/0000:00:08.1/0000:09:00.1/sound/card0/input13\nJun 16 03:17:33 billy kernel: [   20.264238] input: HD-Audio Generic HDMI/DP,pcm=9 as /devices/pci0000:00/0000:00:08.1/0000:09:00.1/sound/card0/input14\nJun 16 03:17:33 billy kernel: [   20.296469] EDAC amd64: F17h_M10h detected (node 0).\nJun 16 03:17:33 billy kernel: [   20.296578] EDAC amd64: Node 0: DRAM ECC disabled.\nJun 16 03:17:33 billy kernel: [   20.344688] EDAC amd64: F17h_M10h detected (node 0).\nJun 16 03:17:33 billy kernel: [   20.344794] EDAC amd64: Node 0: DRAM ECC disabled.\nJun 16 03:17:33 billy kernel: [   20.389152] EDAC amd64: F17h_M10h detected (node 0).\nJun 16 03:17:33 billy kernel: [   20.389162] uvcvideo: Found UVC 1.00 device <unnamed> (046d:09a1)\nJun 16 03:17:33 billy kernel: [   20.389254] EDAC amd64: Node 0: DRAM ECC disabled.\nJun 16 03:17:33 billy kernel: [   20.452887] EDAC amd64: F17h_M10h detected (node 0).\nJun 16 03:17:33 billy kernel: [   20.452985] EDAC amd64: Node 0: DRAM ECC disabled.\nJun 16 03:17:33 billy kernel: [   20.488377] input: UVC Camera (046d:09a1) as /devices/pci0000:00/0000:00:01.2/0000:01:00.0/usb1/1-12/1-12:1.0/input/input15\nJun 16 03:17:33 billy kernel: [   20.488491] usbcore: registered new interface driver uvcvideo\nJun 16 03:17:33 billy kerne